Microchip MPLAB XC8 Compiler V1.12 ()

Linker command line:

--edf=C:\Program Files (x86)\Microchip\xc8\v1.12\dat\en_msgs.txt -cs \
  -h+dist/default/production\CLASSB_RAMMarchCTest.X.production.sym -z \
  -Q18F87K90 -ol.obj \
  -Mdist/default/production/CLASSB_RAMMarchCTest.X.production.map -E1 \
  -ver=XC8 -ACODE=00h-01FFFFh -ACONST=00h-01FFFFh \
  -ASMALLCONST=0F00h-0FFFhx497 -AMEDIUMCONST=0F00h-0FFFFh,010F00h-01FFFFh \
  -ACOMRAM=01h-05Fh -AABS1=00h-0EF3h -ABIGRAM=01h-0EF3h \
  -ARAM=060h-0FFh,0100h-01FFhx13,0E00h-0EF3h -ABANK0=060h-0FFh \
  -ABANK1=0100h-01FFh -ABANK2=0200h-02FFh -ABANK3=0300h-03FFh \
  -ABANK4=0400h-04FFh -ABANK5=0500h-05FFh -ABANK6=0600h-06FFh \
  -ABANK7=0700h-07FFh -ABANK8=0800h-08FFh -ABANK9=0900h-09FFh \
  -ABANK10=0A00h-0AFFh -ABANK11=0B00h-0BFFh -ABANK12=0C00h-0CFFh \
  -ABANK13=0D00h-0DFFh -ABANK14=0E00h-0EF3h \
  -ASFR=0EF4h-0EFFh,0F00h-0F5Fh,0F60h-0FFFh \
  -preset_vec=00h,intcode,intcodelo,powerup,init,end_init -pramtop=0F00h \
  -psmallconst=SMALLCONST -pmediumconst=MEDIUMCONST -pconst=CONST \
  -AFARRAM=00h-00h -ACONFIG=0300000h-030000Dh -pconfig=CONFIG \
  -AIDLOC=0200000h-0200007h -pidloc=IDLOC -AEEDATA=0F00000h-0F003FFh \
  -peeprom_data=EEDATA \
  -prdata=COMRAM,nvrram=COMRAM,nvbit=COMRAM,rbss=COMRAM,rbit=COMRAM \
  -pfarbss=FARRAM,fardata=FARRAM \
  -pintsave_regs=BIGRAM,bigbss=BIGRAM,bigdata=BIGRAM -pbss=RAM \
  -pidata=CODE,irdata=CODE,ibigdata=CODE,ifardata=CODE \
  C:\Users\C13819\AppData\Local\Temp\s5b4.obj \
  dist/default/production\CLASSB_RAMMarchCTest.X.production.obj 

Object code version is 3.10

Machine type is 18F87K90

Call graph: (short form)




                Name                               Link     Load   Length Selector   Space Scale
C:\Users\C13819\AppData\Local\Temp\s5b4.obj
                end_init                              0        0        4        0       0
                idloc                            200000   200000        8   200000       0
                config                           300000   300000        E   300000       0
dist/default/production\CLASSB_RAMMarchCTest.X.production.obj
                text4                             1FC42    1FC42       40     FE21       0
                text3                             1FC1C    1FC1C       26     FE0E       0
                text2                             1FC82    1FC82      128     FE41       0
                text1                             1FDAA    1FDAA      256     FED5       0
                cstackCOMRAM                          1        1        E        1       1
                cinit                             1FBF2    1FBF2        6     FDF9       0
                text0                             1FBF8    1FBF8       24     FDFC       0

TOTAL           Name                               Link     Load   Length     Space
        CLASS   CODE           
                end_init                              0        0        4         0
                text4                             1FC42    1FC42       40         0
                text3                             1FC1C    1FC1C       26         0
                text2                             1FC82    1FC82      128         0
                text1                             1FDAA    1FDAA      256         0
                cinit                             1FBF2    1FBF2        6         0
                text0                             1FBF8    1FBF8       24         0

        CLASS   CONST          

        CLASS   SMALLCONST     

        CLASS   MEDIUMCONST    

        CLASS   COMRAM         
                cstackCOMRAM                          1        1        E         1

        CLASS   ABS1           
                abs_s1                               60       60        A         1

        CLASS   BIGRAM         

        CLASS   RAM            

        CLASS   BANK0          

        CLASS   BANK1          

        CLASS   BANK2          

        CLASS   BANK3          

        CLASS   BANK4          

        CLASS   BANK5          

        CLASS   BANK6          

        CLASS   BANK7          

        CLASS   BANK8          

        CLASS   BANK9          

        CLASS   BANK10         

        CLASS   BANK11         

        CLASS   BANK12         

        CLASS   BANK13         

        CLASS   BANK14         

        CLASS   SFR            

        CLASS   FARRAM         

        CLASS   CONFIG         
                config                           300000   300000        E         0

        CLASS   IDLOC          
                idloc                            200000   200000        8         0

        CLASS   EEDATA         



SEGMENTS        Name                           Load    Length   Top    Selector   Space  Class

                reset_vec                      000000  000004  000004         0       0  CODE    
                cstackCOMRAM                   000001  00000E  00000F         1       1  COMRAM  
                cinit                          01FBF2  000006  01FBF8      FDF9       0  CODE    
                text0                          01FBF8  000024  01FC1C      FDFC       0  CODE    
                text3                          01FC1C  000026  01FC42      FE0E       0  CODE    
                text4                          01FC42  000040  01FC82      FE21       0  CODE    
                text2                          01FC82  000128  01FDAA      FE41       0  CODE    
                text1                          01FDAA  000256  020000      FED5       0  CODE    
                idloc                          200000  000008  200008    200000       0  IDLOC   
                config                         300000  00000E  30000E    300000       0  CONFIG  


UNUSED ADDRESS RANGES

        Name                Unused          Largest block    Delta
        BANK0            00006A-0000FF               96
        BANK1            000100-0001FF              100
        BANK10           000A00-000AFF              100
        BANK11           000B00-000BFF              100
        BANK12           000C00-000CFF              100
        BANK13           000D00-000DFF              100
        BANK14           000E00-000EF3               F4
        BANK2            000200-0002FF              100
        BANK3            000300-0003FF              100
        BANK4            000400-0004FF              100
        BANK5            000500-0005FF              100
        BANK6            000600-0006FF              100
        BANK7            000700-0007FF              100
        BANK8            000800-0008FF              100
        BANK9            000900-0009FF              100
        BIGRAM           00000F-00005F               51
                         00006A-000EF3              E8A
        CODE             000004-01FBF1            1FBEE
        COMRAM           00000F-00005F               51
        CONST            000004-01FBF1            1FBEE
        EEDATA           F00000-F003FF              400
        MEDIUMCONST      000F00-00FFFF             F100
                         010F00-01FBF1             ECF2
        RAM              00006A-000EF3              100
        SFR              000EF4-000FFF               60
        SMALLCONST       000F00-01FBF1              100

                                  Symbol Table

?_memcpy                        cstackCOMRAM 000001
CLASSB_RAMMarchCTest@testResult cstackCOMRAM 00000D
MarchCGlobalTest@bitMask        cstackCOMRAM 000002
MarchCGlobalTest@i              cstackCOMRAM 000003
MarchCGlobalTest@r              cstackCOMRAM 000001
_CLASSB_MARCHtempAddress        (abs)        000064
_CLASSB_MarchIndex              (abs)        000066
_CLASSB_MarchLength             (abs)        000068
_CLASSB_MarchbufferAddress      (abs)        000062
_CLASSB_MarchstartAddress       (abs)        000060
_CLASSB_RAMMarchCTest           text1        01FDAA
_FSR1                           (abs)        000FE1
_INDF1                          (abs)        000FE7
_MarchCFailure                  text3        01FC1C
_MarchCGlobalTest               text2        01FC82
_PRODL                          (abs)        000FF3
_TBLPTRH                        (abs)        000FF7
_TBLPTRL                        (abs)        000FF6
__CFG_BBSIZ$BB2K                (abs)        000000
__CFG_BOREN$SBORDIS             (abs)        000000
__CFG_BORPWR$ZPBORMV            (abs)        000000
__CFG_BORV$3                    (abs)        000000
__CFG_CCP2MX$PORTC              (abs)        000000
__CFG_CP0$OFF                   (abs)        000000
__CFG_CP1$OFF                   (abs)        000000
__CFG_CP2$OFF                   (abs)        000000
__CFG_CP3$OFF                   (abs)        000000
__CFG_CP4$OFF                   (abs)        000000
__CFG_CP5$OFF                   (abs)        000000
__CFG_CP6$OFF                   (abs)        000000
__CFG_CP7$OFF                   (abs)        000000
__CFG_CPB$OFF                   (abs)        000000
__CFG_CPD$OFF                   (abs)        000000
__CFG_EBRT0$OFF                 (abs)        000000
__CFG_EBRT1$OFF                 (abs)        000000
__CFG_EBRT2$OFF                 (abs)        000000
__CFG_EBRT3$OFF                 (abs)        000000
__CFG_EBRT4$OFF                 (abs)        000000
__CFG_EBRT5$OFF                 (abs)        000000
__CFG_EBRT6$OFF                 (abs)        000000
__CFG_EBRT7$OFF                 (abs)        000000
__CFG_EBRTB$OFF                 (abs)        000000
__CFG_ECCPMX$PORTE              (abs)        000000
__CFG_FCMEN$OFF                 (abs)        000000
__CFG_FOSC$INTIO2               (abs)        000000
__CFG_IESO$OFF                  (abs)        000000
__CFG_INTOSCSEL$HIGH            (abs)        000000
__CFG_MCLRE$ON                  (abs)        000000
__CFG_MSSPMSK$MSK7              (abs)        000000
__CFG_PLLCFG$OFF                (abs)        000000
__CFG_PWRTEN$OFF                (abs)        000000
__CFG_RETEN$ON                  (abs)        000000
__CFG_RTCOSC$SOSCREF            (abs)        000000
__CFG_SOSCSEL$HIGH              (abs)        000000
__CFG_STVREN$ON                 (abs)        000000
__CFG_WDTEN$OFF                 (abs)        000000
__CFG_WDTPS$1048576             (abs)        000000
__CFG_WRT0$OFF                  (abs)        000000
__CFG_WRT1$OFF                  (abs)        000000
__CFG_WRT2$OFF                  (abs)        000000
__CFG_WRT3$OFF                  (abs)        000000
__CFG_WRT4$OFF                  (abs)        000000
__CFG_WRT5$OFF                  (abs)        000000
__CFG_WRT6$OFF                  (abs)        000000
__CFG_WRT7$OFF                  (abs)        000000
__CFG_WRTB$OFF                  (abs)        000000
__CFG_WRTC$OFF                  (abs)        000000
__CFG_WRTD$OFF                  (abs)        000000
__CFG_XINST$OFF                 (abs)        000000
__HRAM                          (abs)        000000
__Habs1                         abs1         000000
__Hbank0                        bank0        000000
__Hbank1                        bank1        000000
__Hbank10                       bank10       000000
__Hbank11                       bank11       000000
__Hbank12                       bank12       000000
__Hbank13                       bank13       000000
__Hbank14                       bank14       000000
__Hbank2                        bank2        000000
__Hbank3                        bank3        000000
__Hbank4                        bank4        000000
__Hbank5                        bank5        000000
__Hbank6                        bank6        000000
__Hbank7                        bank7        000000
__Hbank8                        bank8        000000
__Hbank9                        bank9        000000
__Hbigbss                       bigbss       000000
__Hbigdata                      bigdata      000000
__Hbigram                       bigram       000000
__Hbss                          bss          000000
__Hcinit                        cinit        000000
__Hclrtext                      clrtext      000000
__Hcomram                       comram       000000
__Hconfig                       config       30000E
__Hconst                        const        000000
__HcstackCOMRAM                 cstackCOMRAM 000000
__Hdata                         data         000000
__Heeprom_data                  eeprom_data  000000
__Hend_init                     end_init     000004
__Hfarbss                       farbss       000000
__Hfardata                      fardata      000000
__Hibigdata                     ibigdata     000000
__Hidata                        idata        000000
__Hidloc                        idloc        200008
__Hifardata                     ifardata     000000
__Hinit                         init         000000
__Hintcode                      intcode      000000
__Hintcode_body                 intcode_body 000000
__Hintcodelo                    intcodelo    000000
__Hintentry                     intentry     000000
__Hintret                       intret       000000
__Hintsave_regs                 intsave_regs 000000
__Hirdata                       irdata       000000
__Hmediumconst                  mediumconst  000000
__Hnvbit                        nvbit        000000
__Hnvrram                       nvrram       000000
__Hparam                        rparam       000000
__Hpowerup                      powerup      000000
__Hram                          ram          000000
__Hramtop                       ramtop       000F00
__Hrbit                         rbit         000000
__Hrbss                         rbss         000000
__Hrdata                        rdata        000000
__Hreset_vec                    reset_vec    000000
__Hrparam                       rparam       000000
__Hsfr                          sfr          000000
__Hsmallconst                   smallconst   000000
__Hstruct                       struct       000000
__Htemp                         temp         000000
__Htext                         text         000000
__Htext0                        text0        000000
__Htext1                        text1        000000
__Htext2                        text2        000000
__Htext3                        text3        000000
__Htext4                        text4        000000
__Htext5                        text5        000000
__LRAM                          (abs)        000001
__Labs1                         abs1         000000
__Lbank0                        bank0        000000
__Lbank1                        bank1        000000
__Lbank10                       bank10       000000
__Lbank11                       bank11       000000
__Lbank12                       bank12       000000
__Lbank13                       bank13       000000
__Lbank14                       bank14       000000
__Lbank2                        bank2        000000
__Lbank3                        bank3        000000
__Lbank4                        bank4        000000
__Lbank5                        bank5        000000
__Lbank6                        bank6        000000
__Lbank7                        bank7        000000
__Lbank8                        bank8        000000
__Lbank9                        bank9        000000
__Lbigbss                       bigbss       000000
__Lbigdata                      bigdata      000000
__Lbigram                       bigram       000000
__Lbss                          bss          000000
__Lcinit                        cinit        000000
__Lclrtext                      clrtext      000000
__Lcomram                       comram       000000
__Lconfig                       config       300000
__Lconst                        const        000000
__LcstackCOMRAM                 cstackCOMRAM 000000
__Ldata                         data         000000
__Leeprom_data                  eeprom_data  000000
__Lend_init                     end_init     000000
__Lfarbss                       farbss       000000
__Lfardata                      fardata      000000
__Libigdata                     ibigdata     000000
__Lidata                        idata        000000
__Lidloc                        idloc        200000
__Lifardata                     ifardata     000000
__Linit                         init         000000
__Lintcode                      intcode      000000
__Lintcode_body                 intcode_body 000000
__Lintcodelo                    intcodelo    000000
__Lintentry                     intentry     000000
__Lintret                       intret       000000
__Lintsave_regs                 intsave_regs 000000
__Lirdata                       irdata       000000
__Lmediumconst                  mediumconst  000000
__Lnvbit                        nvbit        000000
__Lnvrram                       nvrram       000000
__Lparam                        rparam       000000
__Lpowerup                      powerup      000000
__Lram                          ram          000000
__Lramtop                       ramtop       000F00
__Lrbit                         rbit         000000
__Lrbss                         rbss         000000
__Lrdata                        rdata        000000
__Lreset_vec                    reset_vec    000000
__Lrparam                       rparam       000000
__Lsfr                          sfr          000000
__Lsmallconst                   smallconst   000000
__Lstruct                       struct       000000
__Ltemp                         temp         000000
__Ltext                         text         000000
__Ltext0                        text0        000000
__Ltext1                        text1        000000
__Ltext2                        text2        000000
__Ltext3                        text3        000000
__Ltext4                        text4        000000
__Ltext5                        text5        000000
__S0                            (abs)        30000E
__S1                            (abs)        00000F
__accesstop                     (abs)        000060
__activetblptr                  (abs)        000000
__end_of_CLASSB_RAMMarchCTest   text1        020000
__end_of_MarchCFailure          text3        01FC42
__end_of_MarchCGlobalTest       text2        01FDAA
__end_of__initialization        cinit        01FBF2
__end_of_main                   text1        01FDAA
__end_of_memcpy                 text4        01FC82
__initialization                cinit        01FBF2
__mediumconst                   mediumconst  000000
__pcinit                        cinit        01FBF2
__pcstackCOMRAM                 cstackCOMRAM 000001
__ptext0                        text0        01FBF8
__ptext1                        text1        01FDAA
__ptext2                        text2        01FC82
__ptext3                        text3        01FC1C
__ptext4                        text4        01FC42
__ptext5                        text5        000000
__ramtop                        ramtop       000F00
__size_of_CLASSB_RAMMarchCTest  (abs)        000000
__size_of_MarchCFailure         (abs)        000000
__size_of_MarchCGlobalTest      (abs)        000000
__size_of_main                  (abs)        000000
__size_of_memcpy                (abs)        000000
__smallconst                    smallconst   000000
_main                           text0        01FBF8
_memcpy                         text4        01FC42
end_of_initialization           cinit        01FBF2
intlevel0                       text         000000
intlevel1                       text         000000
intlevel2                       text         000000
intlevel3                       text         000000
main@testResult                 cstackCOMRAM 00000E
memcpy@d                        cstackCOMRAM 000007
memcpy@d1                       cstackCOMRAM 000001
memcpy@n                        cstackCOMRAM 000005
memcpy@s                        cstackCOMRAM 000009
memcpy@s1                       cstackCOMRAM 000003
start                           init         000000
start_initialization            cinit        01FBF2


FUNCTION INFORMATION:

 *************** function _main *****************
 Defined at:
		line 148 in file "main.c"
 Parameters:    Size  Location     Type
		None
 Auto vars:     Size  Location     Type
  testResult      1   13[COMRAM] volatile unsigned char 
 Return value:  Size  Location     Type
		None               void
 Registers used:
		wreg, fsr1l, fsr1h, fsr2l, fsr2h, status,2, status,0, cstack
 Tracked objects:
		On entry : 
		On exit  : 
		Unchanged: 
 Data sizes:     COMRAM  BANK0h   BANK1   BANK2   BANK3   BANK4   BANK5   BANK6   BANK7   BANK8   BANK9  BANK10  BANK11  BANK12  BANK13  BANK14
      Params:         0       0       0       0       0       0       0       0       0       0       0       0       0       0       0       0
      Locals:         1       0       0       0       0       0       0       0       0       0       0       0       0       0       0       0
      Temps:          0       0       0       0       0       0       0       0       0       0       0       0       0       0       0       0
      Totals:         1       0       0       0       0       0       0       0       0       0       0       0       0       0       0       0
Total ram usage:        1 bytes
 Hardware stack levels required when called:    3
 This function calls:
		_CLASSB_RAMMarchCTest
 This function is called by:
		Startup code after reset
 This function uses a non-reentrant model


 *************** function _CLASSB_RAMMarchCTest *****************
 Defined at:
		line 74 in file "CLASSB_RAMMARCHCTest.c"
 Parameters:    Size  Location     Type
		None
 Auto vars:     Size  Location     Type
  testResult      1   12[COMRAM] volatile unsigned char 
 Return value:  Size  Location     Type
                  1    wreg      enum E11556
 Registers used:
		wreg, fsr1l, fsr1h, fsr2l, fsr2h, status,2, status,0, cstack
 Tracked objects:
		On entry : 
		On exit  : 
		Unchanged: 
 Data sizes:     COMRAM  BANK0h   BANK1   BANK2   BANK3   BANK4   BANK5   BANK6   BANK7   BANK8   BANK9  BANK10  BANK11  BANK12  BANK13  BANK14
      Params:         0       0       0       0       0       0       0       0       0       0       0       0       0       0       0       0
      Locals:         1       0       0       0       0       0       0       0       0       0       0       0       0       0       0       0
      Temps:          2       0       0       0       0       0       0       0       0       0       0       0       0       0       0       0
      Totals:         3       0       0       0       0       0       0       0       0       0       0       0       0       0       0       0
Total ram usage:        3 bytes
 Hardware stack levels used:    1
 Hardware stack levels required when called:    2
 This function calls:
		_memcpy
		_MarchCGlobalTest
		_MarchCFailure
 This function is called by:
		_main
 This function uses a non-reentrant model


 *************** function _MarchCGlobalTest *****************
 Defined at:
		line 331 in file "CLASSB_RAMMARCHCTest.c"
 Parameters:    Size  Location     Type
		None
 Auto vars:     Size  Location     Type
  i               1    2[COMRAM] unsigned char 
  bitMask         1    1[COMRAM] unsigned char 
  r               1    0[COMRAM] unsigned char 
 Return value:  Size  Location     Type
                  1    wreg      enum E11556
 Registers used:
		wreg, status,2, status,0
 Tracked objects:
		On entry : 
		On exit  : 
		Unchanged: 
 Data sizes:     COMRAM  BANK0h   BANK1   BANK2   BANK3   BANK4   BANK5   BANK6   BANK7   BANK8   BANK9  BANK10  BANK11  BANK12  BANK13  BANK14
      Params:         0       0       0       0       0       0       0       0       0       0       0       0       0       0       0       0
      Locals:         3       0       0       0       0       0       0       0       0       0       0       0       0       0       0       0
      Temps:          0       0       0       0       0       0       0       0       0       0       0       0       0       0       0       0
      Totals:         3       0       0       0       0       0       0       0       0       0       0       0       0       0       0       0
Total ram usage:        3 bytes
 Hardware stack levels used:    1
 This function calls:
		Nothing
 This function is called by:
		_CLASSB_RAMMarchCTest
 This function uses a non-reentrant model


 *************** function _MarchCFailure *****************
 Defined at:
		line 320 in file "CLASSB_RAMMARCHCTest.c"
 Parameters:    Size  Location     Type
		None
 Auto vars:     Size  Location     Type
		None
 Return value:  Size  Location     Type
		None               void
 Registers used:
		wreg, fsr1l, fsr1h, fsr2l, fsr2h, status,2, status,0, cstack
 Tracked objects:
		On entry : 
		On exit  : 
		Unchanged: 
 Data sizes:     COMRAM  BANK0h   BANK1   BANK2   BANK3   BANK4   BANK5   BANK6   BANK7   BANK8   BANK9  BANK10  BANK11  BANK12  BANK13  BANK14
      Params:         0       0       0       0       0       0       0       0       0       0       0       0       0       0       0       0
      Locals:         0       0       0       0       0       0       0       0       0       0       0       0       0       0       0       0
      Temps:          0       0       0       0       0       0       0       0       0       0       0       0       0       0       0       0
      Totals:         0       0       0       0       0       0       0       0       0       0       0       0       0       0       0       0
Total ram usage:        0 bytes
 Hardware stack levels used:    1
 Hardware stack levels required when called:    1
 This function calls:
		_memcpy
 This function is called by:
		_CLASSB_RAMMarchCTest
 This function uses a non-reentrant model


 *************** function _memcpy *****************
 Defined at:
		line 13 in file "C:\Program Files (x86)\Microchip\xc8\v1.12\sources\memcpy.c"
 Parameters:    Size  Location     Type
  d1              2    0[COMRAM] PTR void 
		 -> RAM(3827), 
  s1              2    2[COMRAM] PTR const void 
		 -> RAM(3827), 
  n               2    4[COMRAM] unsigned int 
 Auto vars:     Size  Location     Type
  s               2    8[COMRAM] PTR const unsigned char 
		 -> RAM(3827), 
  d               2    6[COMRAM] PTR unsigned char 
		 -> RAM(3827), 
 Return value:  Size  Location     Type
                  2    wreg      PTR void 
 Registers used:
		wreg, fsr1l, fsr1h, fsr2l, fsr2h, status,2, status,0
 Tracked objects:
		On entry : 
		On exit  : 
		Unchanged: 
 Data sizes:     COMRAM  BANK0h   BANK1   BANK2   BANK3   BANK4   BANK5   BANK6   BANK7   BANK8   BANK9  BANK10  BANK11  BANK12  BANK13  BANK14
      Params:         6       0       0       0       0       0       0       0       0       0       0       0       0       0       0       0
      Locals:         4       0       0       0       0       0       0       0       0       0       0       0       0       0       0       0
      Temps:          0       0       0       0       0       0       0       0       0       0       0       0       0       0       0       0
      Totals:        10       0       0       0       0       0       0       0       0       0       0       0       0       0       0       0
Total ram usage:       10 bytes
 Hardware stack levels used:    1
 This function calls:
		Nothing
 This function is called by:
		_CLASSB_RAMMarchCTest
		_MarchCFailure
 This function uses a non-reentrant model



MODULE INFORMATION

Module		Function		Class		Link	Load	Size
shared
		__initializatio		CODE           	1FBF2	0000	0

shared estimated size: 0

C:\Program Files (x86)\Microchip\xc8\v1.12\sources\memcpy.c
		_memcpy        		CODE           	1FC42	0000	64

C:\Program Files (x86)\Microchip\xc8\v1.12\sources\memcpy.c estimated size: 64

main.c
		_main          		CODE           	1FBF8	0000	434

main.c estimated size: 434

CLASSB_RAMMARCHCTest.c
		_MarchCGlobalTe		CODE           	1FC82	0000	296
		_CLASSB_RAMMarc		CODE           	1FDAA	0000	598
		_MarchCFailure 		CODE           	1FC1C	0000	38

CLASSB_RAMMARCHCTest.c estimated size: 932

