Microchip MPLAB XC8 Compiler V1.31 ()

Linker command line:

--edf=C:\Program Files (x86)\Microchip\xc8\v1.31\dat\en_msgs.txt -cs \
  -h+dist/default/production\CLASSB_ClockLineFreqTest.X.production.sym \
  --cmf=dist/default/production\CLASSB_ClockLineFreqTest.X.production.cmf \
  -z -Q18F26K22 -oC:\Users\c13066\AppData\Local\Temp\s6f8.6 \
  -Mdist/default/production/CLASSB_ClockLineFreqTest.X.production.map -E1 \
  -ver=XC8 -ASTACK=060h-09ffh -pstack=STACK -ACODE=00h-0FFFFh \
  -ACONST=00h-0FFFFh -ASMALLCONST=01000h-010FFhx240 \
  -AMEDIUMCONST=01000h-0FFFFh -ACOMRAM=01h-05Fh -AABS1=00h-0F37h \
  -ABIGRAM=01h-0F37h -ARAM=060h-0FFh,0100h-01FFhx14,0F00h-0F37h \
  -ABANK0=060h-0FFh -ABANK1=0100h-01FFh -ABANK2=0200h-02FFh \
  -ABANK3=0300h-03FFh -ABANK4=0400h-04FFh -ABANK5=0500h-05FFh \
  -ABANK6=0600h-06FFh -ABANK7=0700h-07FFh -ABANK8=0800h-08FFh \
  -ABANK9=0900h-09FFh -ABANK10=0A00h-0AFFh -ABANK11=0B00h-0BFFh \
  -ABANK12=0C00h-0CFFh -ABANK13=0D00h-0DFFh -ABANK14=0E00h-0EFFh \
  -ABANK15=0F00h-0F37h -ASFR=0F38h-0F5Fh,0F60h-0FFFh \
  -preset_vec=00h,intcode=08h,intcodelo,powerup,init,end_init \
  -pramtop=01000h -psmallconst=SMALLCONST -pmediumconst=MEDIUMCONST \
  -pconst=CONST -AFARRAM=00h-00h -ACONFIG=0300000h-030000Dh -pconfig=CONFIG \
  -AIDLOC=0200000h-0200007h -pidloc=IDLOC -AEEDATA=0F00000h-0F003FFh \
  -peeprom_data=EEDATA \
  -prdata=COMRAM,nvrram=COMRAM,nvbit=COMRAM,rbss=COMRAM,rbit=COMRAM \
  -pfarbss=FARRAM,fardata=FARRAM,nvFARRAM=FARRAM \
  -pintsave_regs=BIGRAM,bigbss=BIGRAM,bigdata=BIGRAM -pbss=RAM \
  -pidata=CODE,irdata=CODE,ibigdata=CODE,ifardata=CODE \
  C:\Users\c13066\AppData\Local\Temp\s6f8.obj \
  dist/default/production\CLASSB_ClockLineFreqTest.X.production.obj 

Object code version is 3.11

Machine type is 18F26K22

Call graph: (short form)




                Name                               Link     Load   Length Selector   Space Scale
C:\Users\c13066\AppData\Local\Temp\s6f8.obj
                end_init                             18       18        4        4       0
                reset_vec                             0        0        4        0       0
                idloc                            200000   200000        8   200000       0
                config                           300000   300000        E   300000       0
dist/default/production\CLASSB_ClockLineFreqTest.X.production.obj
                intcode                               8        8       10        4       0
                text11                              392      392       1A        4       0
                text10                               1C       1C      128        4       0
                text8                               378      378       1A        4       0
                text7                               35C      35C       1C        4       0
                text6                               29E      29E       76        4       0
                text5                               204      204       9A        4       0
                text4                               144      144       C0        4       0
                text3                               3C2      3C2       14        4       0
                text2                               340      340       1C        4       0
                text1                               3D6      3D6        4        4       0
                text0                               314      314       2C        4       0
                cstackCOMRAM                          1        1       36        1       1
                bssCOMRAM                            48       48        B        1       1
                cinit                               3AC      3AC       16        4       0
                nvCOMRAM                             37       37       11        1       1

TOTAL           Name                               Link     Load   Length     Space
        CLASS   STACK          

        CLASS   CODE           
                end_init                             18       18        4         0
                intcode                               8        8       10         0
                reset_vec                             0        0        4         0
                text11                              392      392       1A         0
                text10                               1C       1C      128         0
                text8                               378      378       1A         0
                text7                               35C      35C       1C         0
                text6                               29E      29E       76         0
                text5                               204      204       9A         0
                text4                               144      144       C0         0
                text3                               3C2      3C2       14         0
                text2                               340      340       1C         0
                text1                               3D6      3D6        4         0
                text0                               314      314       2C         0
                cinit                               3AC      3AC       16         0

        CLASS   CONST          

        CLASS   SMALLCONST     

        CLASS   MEDIUMCONST    

        CLASS   COMRAM         
                cstackCOMRAM                          1        1       36         1
                bssCOMRAM                            48       48        B         1
                nvCOMRAM                             37       37       11         1

        CLASS   ABS1           

        CLASS   BIGRAM         

        CLASS   RAM            

        CLASS   BANK0          

        CLASS   BANK1          

        CLASS   BANK2          

        CLASS   BANK3          

        CLASS   BANK4          

        CLASS   BANK5          

        CLASS   BANK6          

        CLASS   BANK7          

        CLASS   BANK8          

        CLASS   BANK9          

        CLASS   BANK10         

        CLASS   BANK11         

        CLASS   BANK12         

        CLASS   BANK13         

        CLASS   BANK14         

        CLASS   BANK15         

        CLASS   SFR            

        CLASS   FARRAM         

        CLASS   CONFIG         
                config                           300000   300000        E         0

        CLASS   IDLOC          
                idloc                            200000   200000        8         0

        CLASS   EEDATA         



SEGMENTS        Name                           Load    Length   Top    Selector   Space  Class

                reset_vec                      000000  000004  000004         0       0  CODE    
                cstackCOMRAM                   000001  000052  000053         1       1  COMRAM  
                intcode                        000008  0003D2  0003DA         4       0  CODE    
                idloc                          200000  000008  200008    200000       0  IDLOC   
                config                         300000  00000E  30000E    300000       0  CONFIG  


UNUSED ADDRESS RANGES

        Name                Unused          Largest block    Delta
        BANK0            000060-0000FF               A0
        BANK1            000100-0001FF              100
        BANK10           000A00-000AFF              100
        BANK11           000B00-000BFF              100
        BANK12           000C00-000CFF              100
        BANK13           000D00-000DFF              100
        BANK14           000E00-000EFF              100
        BANK15           000F00-000F37               38
        BANK2            000200-0002FF              100
        BANK3            000300-0003FF              100
        BANK4            000400-0004FF              100
        BANK5            000500-0005FF              100
        BANK6            000600-0006FF              100
        BANK7            000700-0007FF              100
        BANK8            000800-0008FF              100
        BANK9            000900-0009FF              100
        BIGRAM           000053-000F37              EE5
        CODE             000004-000007                4
                         0003DA-00FFFF             FC26
        COMRAM           000053-00005F                D
        CONST            000004-000007                4
                         0003DA-00FFFF             FC26
        EEDATA           F00000-F003FF              400
        MEDIUMCONST      001000-00FFFF             F000
        RAM              000060-000F37              100
        SFR              000F38-000FFF               28
        SMALLCONST       001000-00FFFF              100
        STACK            000060-0009FF              9A0

                                  Symbol Table

?___lldiv                                cstackCOMRAM 00001C
?___lmul                                 cstackCOMRAM 00000D
CLASSB_ClockLineFreqTest@clockFrequency  cstackCOMRAM 000029
CLASSB_ClockLineFreqTest@lineFrequency   cstackCOMRAM 00002D
CLASSB_ClockLineFreqTest@systemFrequency cstackCOMRAM 000033
CLASSB_ClockLineFreqTest@tolerance       cstackCOMRAM 00002E
_ANSELA                                  (abs)        000F38
_ANSELB                                  (abs)        000F39
_ANSELC                                  (abs)        000F3A
_CCP1CON                                 (abs)        000FBD
_CCP1IE                                  (abs)        007CEA
_CCP1IF                                  (abs)        007CF2
_CCPR1H                                  (abs)        000FBF
_CCPR1L                                  (abs)        000FBE
_CCPUser                                 nvCOMRAM     00003F
_CLASSB_ClockLineFreqISR                 text10       00001C
_CLASSB_ClockLineFreqTest                text4        000144
_CLASSB_LineUserRestore                  text11       000392
_CLASSB_LineUserSave                     text8        000378
_CLASSB_Line_Freq                        nvCOMRAM     000040
_CheckClockLineTestFlag                  text3        0003C2
_ClockLineFreqTestFail                   bssCOMRAM    00004C
_ClockLineFreqTestFlag                   nvCOMRAM     000041
_ClockTestResult                         nvCOMRAM     000042
_FIRSTCROSS                              bssCOMRAM    000050
_INTCON                                  (abs)        000FF2
_ISR                                     intcode      000008
_Init                                    text2        000340
_InterruptsUser                          nvCOMRAM     000043
_LATA                                    (abs)        000F89
_LATA0                                   (abs)        007C48
_LATA1                                   (abs)        007C49
_LATA2                                   (abs)        007C4A
_LATA4                                   (abs)        007C4C
_LATB                                    (abs)        000F8A
_LATC                                    (abs)        000F8B
_LineFreqInit                            text7        00035C
_OSCCON                                  (abs)        000FD3
_OnClockError                            text1        0003D6
_PIE1                                    (abs)        000F9D
_PIE1User                                nvCOMRAM     000044
_PIR1                                    (abs)        000F9E
_PIR1User                                nvCOMRAM     000045
_T1CON                                   (abs)        000FCD
_T1GCON                                  (abs)        000FCC
_TMR1                                    (abs)        000FCE
_TMR1IE                                  (abs)        007CE8
_TMR1IF                                  (abs)        007CF0
_TMR1ON                                  (abs)        007E68
_TMR1RollOver                            bssCOMRAM    000051
_TRISA                                   (abs)        000F92
_TRISB                                   (abs)        000F93
_TRISC                                   (abs)        000F94
_Timer1GateUser                          nvCOMRAM     000046
_Timer1User                              nvCOMRAM     000047
__CFG_BOREN$SBORDIS                      (abs)        000000
__CFG_BORV$190                           (abs)        000000
__CFG_CCP2MX$PORTC1                      (abs)        000000
__CFG_CCP3MX$PORTB5                      (abs)        000000
__CFG_CP0$OFF                            (abs)        000000
__CFG_CP1$OFF                            (abs)        000000
__CFG_CP2$OFF                            (abs)        000000
__CFG_CP3$OFF                            (abs)        000000
__CFG_CPB$OFF                            (abs)        000000
__CFG_CPD$OFF                            (abs)        000000
__CFG_EBTR0$OFF                          (abs)        000000
__CFG_EBTR1$OFF                          (abs)        000000
__CFG_EBTR2$OFF                          (abs)        000000
__CFG_EBTR3$OFF                          (abs)        000000
__CFG_EBTRB$OFF                          (abs)        000000
__CFG_FCMEN$OFF                          (abs)        000000
__CFG_FOSC$INTIO7                        (abs)        000000
__CFG_HFOFST$ON                          (abs)        000000
__CFG_IESO$OFF                           (abs)        000000
__CFG_LVP$ON                             (abs)        000000
__CFG_MCLRE$INTMCLR                      (abs)        000000
__CFG_P2BMX$PORTB5                       (abs)        000000
__CFG_PBADEN$ON                          (abs)        000000
__CFG_PLLCFG$OFF                         (abs)        000000
__CFG_PRICLKEN$ON                        (abs)        000000
__CFG_PWRTEN$OFF                         (abs)        000000
__CFG_STVREN$ON                          (abs)        000000
__CFG_T3CMX$PORTC0                       (abs)        000000
__CFG_WDTEN$OFF                          (abs)        000000
__CFG_WDTPS$32768                        (abs)        000000
__CFG_WRT0$OFF                           (abs)        000000
__CFG_WRT1$OFF                           (abs)        000000
__CFG_WRT2$OFF                           (abs)        000000
__CFG_WRT3$OFF                           (abs)        000000
__CFG_WRTB$OFF                           (abs)        000000
__CFG_WRTC$OFF                           (abs)        000000
__CFG_WRTD$OFF                           (abs)        000000
__CFG_XINST$OFF                          (abs)        000000
__HRAM                                   (abs)        000000
__Habs1                                  abs1         000000
__Hbank0                                 bank0        000000
__Hbank1                                 bank1        000000
__Hbank10                                bank10       000000
__Hbank11                                bank11       000000
__Hbank12                                bank12       000000
__Hbank13                                bank13       000000
__Hbank14                                bank14       000000
__Hbank15                                bank15       000000
__Hbank2                                 bank2        000000
__Hbank3                                 bank3        000000
__Hbank4                                 bank4        000000
__Hbank5                                 bank5        000000
__Hbank6                                 bank6        000000
__Hbank7                                 bank7        000000
__Hbank8                                 bank8        000000
__Hbank9                                 bank9        000000
__Hbigbss                                bigbss       000000
__Hbigdata                               bigdata      000000
__Hbigram                                bigram       000000
__Hbss                                   bss          000000
__HbssCOMRAM                             bssCOMRAM    000000
__Hcinit                                 cinit        000000
__Hclrtext                               clrtext      000000
__Hcomram                                comram       000000
__Hconfig                                config       30000E
__Hconst                                 const        000000
__HcstackCOMRAM                          cstackCOMRAM 000000
__Hdata                                  data         000000
__Heeprom_data                           eeprom_data  000000
__Hend_init                              end_init     00001C
__Hfarbss                                farbss       000000
__Hfardata                               fardata      000000
__Hibigdata                              ibigdata     000000
__Hidata                                 idata        000000
__Hidloc                                 idloc        200008
__Hifardata                              ifardata     000000
__Hinit                                  init         000018
__Hintcode                               intcode      000018
__Hintcode_body                          intcode_body 000000
__Hintcodelo                             intcodelo    000018
__Hintentry                              intentry     000000
__Hintret                                intret       000000
__Hintsave_regs                          intsave_regs 000000
__Hirdata                                irdata       000000
__Hmediumconst                           mediumconst  000000
__HnvCOMRAM                              nvCOMRAM     000000
__HnvFARRAM                              nvFARRAM     000000
__Hnvbit                                 nvbit        000000
__Hnvrram                                nvrram       000000
__Hparam                                 rparam       000000
__Hpowerup                               powerup      000018
__Hram                                   ram          000000
__Hramtop                                ramtop       001000
__Hrbit                                  rbit         000000
__Hrbss                                  rbss         000000
__Hrdata                                 rdata        000000
__Hreset_vec                             reset_vec    000004
__Hrparam                                rparam       000000
__Hsfr                                   sfr          000000
__Hsmallconst                            smallconst   000000
__Hstack                                 stack        000000
__Hstruct                                struct       000000
__Htemp                                  temp         000000
__Htext                                  text         000000
__Htext0                                 text0        000000
__Htext1                                 text1        000000
__Htext10                                text10       000000
__Htext11                                text11       000000
__Htext2                                 text2        000000
__Htext3                                 text3        000000
__Htext4                                 text4        000000
__Htext5                                 text5        000000
__Htext6                                 text6        000000
__Htext7                                 text7        000000
__Htext8                                 text8        000000
__LRAM                                   (abs)        000001
__Labs1                                  abs1         000000
__Lbank0                                 bank0        000000
__Lbank1                                 bank1        000000
__Lbank10                                bank10       000000
__Lbank11                                bank11       000000
__Lbank12                                bank12       000000
__Lbank13                                bank13       000000
__Lbank14                                bank14       000000
__Lbank15                                bank15       000000
__Lbank2                                 bank2        000000
__Lbank3                                 bank3        000000
__Lbank4                                 bank4        000000
__Lbank5                                 bank5        000000
__Lbank6                                 bank6        000000
__Lbank7                                 bank7        000000
__Lbank8                                 bank8        000000
__Lbank9                                 bank9        000000
__Lbigbss                                bigbss       000000
__Lbigdata                               bigdata      000000
__Lbigram                                bigram       000000
__Lbss                                   bss          000000
__LbssCOMRAM                             bssCOMRAM    000000
__Lcinit                                 cinit        000000
__Lclrtext                               clrtext      000000
__Lcomram                                comram       000000
__Lconfig                                config       300000
__Lconst                                 const        000000
__LcstackCOMRAM                          cstackCOMRAM 000000
__Ldata                                  data         000000
__Leeprom_data                           eeprom_data  000000
__Lend_init                              end_init     000018
__Lfarbss                                farbss       000000
__Lfardata                               fardata      000000
__Libigdata                              ibigdata     000000
__Lidata                                 idata        000000
__Lidloc                                 idloc        200000
__Lifardata                              ifardata     000000
__Linit                                  init         000018
__Lintcode                               intcode      000008
__Lintcode_body                          intcode_body 000000
__Lintcodelo                             intcodelo    000018
__Lintentry                              intentry     000000
__Lintret                                intret       000000
__Lintsave_regs                          intsave_regs 000000
__Lirdata                                irdata       000000
__Lmediumconst                           mediumconst  000000
__LnvCOMRAM                              nvCOMRAM     000000
__LnvFARRAM                              nvFARRAM     000000
__Lnvbit                                 nvbit        000000
__Lnvrram                                nvrram       000000
__Lparam                                 rparam       000000
__Lpowerup                               powerup      000018
__Lram                                   ram          000000
__Lramtop                                ramtop       001000
__Lrbit                                  rbit         000000
__Lrbss                                  rbss         000000
__Lrdata                                 rdata        000000
__Lreset_vec                             reset_vec    000000
__Lrparam                                rparam       000000
__Lsfr                                   sfr          000000
__Lsmallconst                            smallconst   000000
__Lstack                                 stack        000000
__Lstruct                                struct       000000
__Ltemp                                  temp         000000
__Ltext                                  text         000000
__Ltext0                                 text0        000000
__Ltext1                                 text1        000000
__Ltext10                                text10       000000
__Ltext11                                text11       000000
__Ltext2                                 text2        000000
__Ltext3                                 text3        000000
__Ltext4                                 text4        000000
__Ltext5                                 text5        000000
__Ltext6                                 text6        000000
__Ltext7                                 text7        000000
__Ltext8                                 text8        000000
__S0                                     (abs)        30000E
__S1                                     (abs)        000053
__S2                                     (abs)        000000
___inthi_sp                              stack        000000
___intlo_sp                              stack        000000
___lldiv                                 text6        00029E
___lldiv@counter                         cstackCOMRAM 000028
___lldiv@dividend                        cstackCOMRAM 00001C
___lldiv@divisor                         cstackCOMRAM 000020
___lldiv@quotient                        cstackCOMRAM 000024
___lmul                                  text5        000204
___lmul@multiplicand                     cstackCOMRAM 000011
___lmul@multiplier                       cstackCOMRAM 00000D
___lmul@product                          cstackCOMRAM 000018
___sp                                    stack        000000
__accesstop                              (abs)        000060
__activetblptr                           (abs)        000002
__end_of_CLASSB_ClockLineFreqISR         text10       000144
__end_of_CLASSB_ClockLineFreqTest        text4        000204
__end_of_CLASSB_LineUserRestore          text11       0003AC
__end_of_CLASSB_LineUserSave             text8        000392
__end_of_CheckClockLineTestFlag          text3        0003D6
__end_of_ISR                             intcode      000018
__end_of_Init                            text2        00035C
__end_of_LineFreqInit                    text7        000378
__end_of_OnClockError                    text1        0003DA
__end_of___lldiv                         text6        000314
__end_of___lmul                          text5        00029E
__end_of__initialization                 cinit        0003B8
__end_of_main                            text0        000340
__initialization                         cinit        0003AC
__mediumconst                            mediumconst  000000
__pbssCOMRAM                             bssCOMRAM    000048
__pcinit                                 cinit        0003AC
__pcstackCOMRAM                          cstackCOMRAM 000001
__pintcode                               intcode      000008
__pnvCOMRAM                              nvCOMRAM     000037
__ptext0                                 text0        000314
__ptext1                                 text1        0003D6
__ptext10                                text10       00001C
__ptext11                                text11       000392
__ptext2                                 text2        000340
__ptext3                                 text3        0003C2
__ptext4                                 text4        000144
__ptext5                                 text5        000204
__ptext6                                 text6        00029E
__ptext7                                 text7        00035C
__ptext8                                 text8        000378
__ramtop                                 ramtop       001000
__size_of_CLASSB_ClockLineFreqISR        (abs)        000000
__size_of_CLASSB_ClockLineFreqTest       (abs)        000000
__size_of_CLASSB_LineUserRestore         (abs)        000000
__size_of_CLASSB_LineUserSave            (abs)        000000
__size_of_CheckClockLineTestFlag         (abs)        000000
__size_of_ISR                            (abs)        000000
__size_of_Init                           (abs)        000000
__size_of_LineFreqInit                   (abs)        000000
__size_of_OnClockError                   (abs)        000000
__size_of___lldiv                        (abs)        000000
__size_of___lmul                         (abs)        000000
__size_of_main                           (abs)        000000
__smallconst                             smallconst   000000
_captureTimer1                           bssCOMRAM    00004E
_expectedCount                           nvCOMRAM     000037
_lineTestEnd                             bssCOMRAM    000052
_main                                    text0        000314
_testCount                               bssCOMRAM    000048
_toleranceCount                          nvCOMRAM     00003B
end_of_initialization                    cinit        0003B8
intlevel0                                text         000000
intlevel1                                text         000000
intlevel2                                text         000000
intlevel3                                text         000000
stackhi                                  (abs)        0009FF
stacklo                                  (abs)        000060
start                                    init         000018
start_initialization                     cinit        0003AC


FUNCTION INFORMATION:

 *************** function _main *****************
 Defined at:
		line 163 in file "main.c"
 Parameters:    Size  Location     Type
		None
 Auto vars:     Size  Location     Type
  clockFrequen    4    0        unsigned long 
  tolerance       1    0        unsigned char 
  lineFrequenc    1    0        unsigned char 
 Return value:  Size  Location     Type
		None               void
 Registers used:
		wreg, status,2, status,0, prodl, prodh, cstack
 Tracked objects:
		On entry : 
		On exit  : 
		Unchanged: 
 Data sizes:     COMRAM   BANK0   BANK1   BANK2   BANK3   BANK4   BANK5   BANK6   BANK7   BANK8   BANK9  BANK10  BANK11  BANK12  BANK13  BANK14  BANK15
      Params:         0       0       0       0       0       0       0       0       0       0       0       0       0       0       0       0       0
      Locals:         6       0       0       0       0       0       0       0       0       0       0       0       0       0       0       0       0
      Temps:          0       0       0       0       0       0       0       0       0       0       0       0       0       0       0       0       0
      Totals:         6       0       0       0       0       0       0       0       0       0       0       0       0       0       0       0       0
Total ram usage:        6 bytes
 Hardware stack levels required when called:    5
 This function calls:
		_CLASSB_ClockLineFreqTest
		_CheckClockLineTestFlag
		_Init
		_OnClockError
 This function is called by:
		Startup code after reset
 This function uses a non-reentrant model


 *************** function _OnClockError *****************
 Defined at:
		line 211 in file "main.c"
 Parameters:    Size  Location     Type
		None
 Auto vars:     Size  Location     Type
		None
 Return value:  Size  Location     Type
		None               void
 Registers used:
		None
 Tracked objects:
		On entry : 
		On exit  : 
		Unchanged: 
 Data sizes:     COMRAM   BANK0   BANK1   BANK2   BANK3   BANK4   BANK5   BANK6   BANK7   BANK8   BANK9  BANK10  BANK11  BANK12  BANK13  BANK14  BANK15
      Params:         0       0       0       0       0       0       0       0       0       0       0       0       0       0       0       0       0
      Locals:         0       0       0       0       0       0       0       0       0       0       0       0       0       0       0       0       0
      Temps:          0       0       0       0       0       0       0       0       0       0       0       0       0       0       0       0       0
      Totals:         0       0       0       0       0       0       0       0       0       0       0       0       0       0       0       0       0
Total ram usage:        0 bytes
 Hardware stack levels used:    1
 Hardware stack levels required when called:    3
 This function calls:
		Nothing
 This function is called by:
		_main
 This function uses a non-reentrant model


 *************** function _Init *****************
 Defined at:
		line 146 in file "main.c"
 Parameters:    Size  Location     Type
		None
 Auto vars:     Size  Location     Type
		None
 Return value:  Size  Location     Type
		None               void
 Registers used:
		wreg, status,2
 Tracked objects:
		On entry : 
		On exit  : 
		Unchanged: 
 Data sizes:     COMRAM   BANK0   BANK1   BANK2   BANK3   BANK4   BANK5   BANK6   BANK7   BANK8   BANK9  BANK10  BANK11  BANK12  BANK13  BANK14  BANK15
      Params:         0       0       0       0       0       0       0       0       0       0       0       0       0       0       0       0       0
      Locals:         0       0       0       0       0       0       0       0       0       0       0       0       0       0       0       0       0
      Temps:          0       0       0       0       0       0       0       0       0       0       0       0       0       0       0       0       0
      Totals:         0       0       0       0       0       0       0       0       0       0       0       0       0       0       0       0       0
Total ram usage:        0 bytes
 Hardware stack levels used:    1
 Hardware stack levels required when called:    3
 This function calls:
		Nothing
 This function is called by:
		_main
 This function uses a non-reentrant model


 *************** function _CheckClockLineTestFlag *****************
 Defined at:
		line 192 in file "main.c"
 Parameters:    Size  Location     Type
		None
 Auto vars:     Size  Location     Type
		None
 Return value:  Size  Location     Type
                  1    wreg      enum E41
 Registers used:
		wreg, status,2, status,0
 Tracked objects:
		On entry : 
		On exit  : 
		Unchanged: 
 Data sizes:     COMRAM   BANK0   BANK1   BANK2   BANK3   BANK4   BANK5   BANK6   BANK7   BANK8   BANK9  BANK10  BANK11  BANK12  BANK13  BANK14  BANK15
      Params:         0       0       0       0       0       0       0       0       0       0       0       0       0       0       0       0       0
      Locals:         0       0       0       0       0       0       0       0       0       0       0       0       0       0       0       0       0
      Temps:          0       0       0       0       0       0       0       0       0       0       0       0       0       0       0       0       0
      Totals:         0       0       0       0       0       0       0       0       0       0       0       0       0       0       0       0       0
Total ram usage:        0 bytes
 Hardware stack levels used:    1
 Hardware stack levels required when called:    3
 This function calls:
		Nothing
 This function is called by:
		_main
 This function uses a non-reentrant model


 *************** function _CLASSB_ClockLineFreqTest *****************
 Defined at:
		line 78 in file "CLASSB_ClockLineFreqTest.c"
 Parameters:    Size  Location     Type
  clockFrequen    4   40[COMRAM] unsigned long 
  lineFrequenc    1   44[COMRAM] unsigned char 
  tolerance       1   45[COMRAM] unsigned char 
 Auto vars:     Size  Location     Type
  systemFreque    4   50[COMRAM] unsigned long 
 Return value:  Size  Location     Type
		None               void
 Registers used:
		wreg, status,2, status,0, prodl, prodh, cstack
 Tracked objects:
		On entry : 
		On exit  : 
		Unchanged: 
 Data sizes:     COMRAM   BANK0   BANK1   BANK2   BANK3   BANK4   BANK5   BANK6   BANK7   BANK8   BANK9  BANK10  BANK11  BANK12  BANK13  BANK14  BANK15
      Params:         6       0       0       0       0       0       0       0       0       0       0       0       0       0       0       0       0
      Locals:         4       0       0       0       0       0       0       0       0       0       0       0       0       0       0       0       0
      Temps:          4       0       0       0       0       0       0       0       0       0       0       0       0       0       0       0       0
      Totals:        14       0       0       0       0       0       0       0       0       0       0       0       0       0       0       0       0
Total ram usage:       14 bytes
 Hardware stack levels used:    1
 Hardware stack levels required when called:    4
 This function calls:
		_CLASSB_LineUserSave
		_LineFreqInit
		___lldiv
		___lmul
 This function is called by:
		_main
 This function uses a non-reentrant model


 *************** function ___lmul *****************
 Defined at:
		line 9 in file "C:\Program Files (x86)\Microchip\xc8\v1.31\sources\common\lmul.c"
 Parameters:    Size  Location     Type
  multiplier      4   12[COMRAM] unsigned long 
  multiplicand    4   16[COMRAM] unsigned long 
 Auto vars:     Size  Location     Type
  product         4   23[COMRAM] unsigned long 
 Return value:  Size  Location     Type
                  4   12[COMRAM] unsigned long 
 Registers used:
		wreg, status,2, status,0, prodl, prodh
 Tracked objects:
		On entry : 
		On exit  : 
		Unchanged: 
 Data sizes:     COMRAM   BANK0   BANK1   BANK2   BANK3   BANK4   BANK5   BANK6   BANK7   BANK8   BANK9  BANK10  BANK11  BANK12  BANK13  BANK14  BANK15
      Params:         8       0       0       0       0       0       0       0       0       0       0       0       0       0       0       0       0
      Locals:         4       0       0       0       0       0       0       0       0       0       0       0       0       0       0       0       0
      Temps:          3       0       0       0       0       0       0       0       0       0       0       0       0       0       0       0       0
      Totals:        15       0       0       0       0       0       0       0       0       0       0       0       0       0       0       0       0
Total ram usage:       15 bytes
 Hardware stack levels used:    1
 Hardware stack levels required when called:    3
 This function calls:
		Nothing
 This function is called by:
		_CLASSB_ClockLineFreqTest
 This function uses a non-reentrant model


 *************** function ___lldiv *****************
 Defined at:
		line 8 in file "C:\Program Files (x86)\Microchip\xc8\v1.31\sources\common\lldiv.c"
 Parameters:    Size  Location     Type
  dividend        4   27[COMRAM] unsigned long 
  divisor         4   31[COMRAM] unsigned long 
 Auto vars:     Size  Location     Type
  quotient        4   35[COMRAM] unsigned long 
  counter         1   39[COMRAM] unsigned char 
 Return value:  Size  Location     Type
                  4   27[COMRAM] unsigned long 
 Registers used:
		wreg, status,2, status,0
 Tracked objects:
		On entry : 
		On exit  : 
		Unchanged: 
 Data sizes:     COMRAM   BANK0   BANK1   BANK2   BANK3   BANK4   BANK5   BANK6   BANK7   BANK8   BANK9  BANK10  BANK11  BANK12  BANK13  BANK14  BANK15
      Params:         8       0       0       0       0       0       0       0       0       0       0       0       0       0       0       0       0
      Locals:         5       0       0       0       0       0       0       0       0       0       0       0       0       0       0       0       0
      Temps:          0       0       0       0       0       0       0       0       0       0       0       0       0       0       0       0       0
      Totals:        13       0       0       0       0       0       0       0       0       0       0       0       0       0       0       0       0
Total ram usage:       13 bytes
 Hardware stack levels used:    1
 Hardware stack levels required when called:    3
 This function calls:
		Nothing
 This function is called by:
		_CLASSB_ClockLineFreqTest
 This function uses a non-reentrant model


 *************** function _LineFreqInit *****************
 Defined at:
		line 171 in file "CLASSB_ClockLineFreqTest.c"
 Parameters:    Size  Location     Type
		None
 Auto vars:     Size  Location     Type
		None
 Return value:  Size  Location     Type
		None               void
 Registers used:
		wreg, status,2
 Tracked objects:
		On entry : 
		On exit  : 
		Unchanged: 
 Data sizes:     COMRAM   BANK0   BANK1   BANK2   BANK3   BANK4   BANK5   BANK6   BANK7   BANK8   BANK9  BANK10  BANK11  BANK12  BANK13  BANK14  BANK15
      Params:         0       0       0       0       0       0       0       0       0       0       0       0       0       0       0       0       0
      Locals:         0       0       0       0       0       0       0       0       0       0       0       0       0       0       0       0       0
      Temps:          0       0       0       0       0       0       0       0       0       0       0       0       0       0       0       0       0
      Totals:         0       0       0       0       0       0       0       0       0       0       0       0       0       0       0       0       0
Total ram usage:        0 bytes
 Hardware stack levels used:    1
 Hardware stack levels required when called:    3
 This function calls:
		Nothing
 This function is called by:
		_CLASSB_ClockLineFreqTest
 This function uses a non-reentrant model


 *************** function _CLASSB_LineUserSave *****************
 Defined at:
		line 190 in file "CLASSB_ClockLineFreqTest.c"
 Parameters:    Size  Location     Type
		None
 Auto vars:     Size  Location     Type
		None
 Return value:  Size  Location     Type
		None               void
 Registers used:
		None
 Tracked objects:
		On entry : 
		On exit  : 
		Unchanged: 
 Data sizes:     COMRAM   BANK0   BANK1   BANK2   BANK3   BANK4   BANK5   BANK6   BANK7   BANK8   BANK9  BANK10  BANK11  BANK12  BANK13  BANK14  BANK15
      Params:         0       0       0       0       0       0       0       0       0       0       0       0       0       0       0       0       0
      Locals:         0       0       0       0       0       0       0       0       0       0       0       0       0       0       0       0       0
      Temps:          0       0       0       0       0       0       0       0       0       0       0       0       0       0       0       0       0
      Totals:         0       0       0       0       0       0       0       0       0       0       0       0       0       0       0       0       0
Total ram usage:        0 bytes
 Hardware stack levels used:    1
 Hardware stack levels required when called:    3
 This function calls:
		Nothing
 This function is called by:
		_CLASSB_ClockLineFreqTest
 This function uses a non-reentrant model


 *************** function _ISR *****************
 Defined at:
		line 217 in file "main.c"
 Parameters:    Size  Location     Type
		None
 Auto vars:     Size  Location     Type
		None
 Return value:  Size  Location     Type
		None               void
 Registers used:
		wreg, status,2, status,0, cstack
 Tracked objects:
		On entry : 
		On exit  : 
		Unchanged: 
 Data sizes:     COMRAM   BANK0   BANK1   BANK2   BANK3   BANK4   BANK5   BANK6   BANK7   BANK8   BANK9  BANK10  BANK11  BANK12  BANK13  BANK14  BANK15
      Params:         0       0       0       0       0       0       0       0       0       0       0       0       0       0       0       0       0
      Locals:         0       0       0       0       0       0       0       0       0       0       0       0       0       0       0       0       0
      Temps:          0       0       0       0       0       0       0       0       0       0       0       0       0       0       0       0       0
      Totals:         0       0       0       0       0       0       0       0       0       0       0       0       0       0       0       0       0
Total ram usage:        0 bytes
 Hardware stack levels used:    1
 Hardware stack levels required when called:    2
 This function calls:
		_CLASSB_ClockLineFreqISR
 This function is called by:
		Interrupt level 2
 This function uses a non-reentrant model


 *************** function _CLASSB_ClockLineFreqISR *****************
 Defined at:
		line 99 in file "CLASSB_ClockLineFreqTest.c"
 Parameters:    Size  Location     Type
		None
 Auto vars:     Size  Location     Type
		None
 Return value:  Size  Location     Type
		None               void
 Registers used:
		wreg, status,2, status,0, cstack
 Tracked objects:
		On entry : 
		On exit  : 
		Unchanged: 
 Data sizes:     COMRAM   BANK0   BANK1   BANK2   BANK3   BANK4   BANK5   BANK6   BANK7   BANK8   BANK9  BANK10  BANK11  BANK12  BANK13  BANK14  BANK15
      Params:         0       0       0       0       0       0       0       0       0       0       0       0       0       0       0       0       0
      Locals:         0       0       0       0       0       0       0       0       0       0       0       0       0       0       0       0       0
      Temps:         12       0       0       0       0       0       0       0       0       0       0       0       0       0       0       0       0
      Totals:        12       0       0       0       0       0       0       0       0       0       0       0       0       0       0       0       0
Total ram usage:       12 bytes
 Hardware stack levels used:    1
 Hardware stack levels required when called:    1
 This function calls:
		_CLASSB_LineUserRestore
 This function is called by:
		_ISR
 This function uses a non-reentrant model


 *************** function _CLASSB_LineUserRestore *****************
 Defined at:
		line 200 in file "CLASSB_ClockLineFreqTest.c"
 Parameters:    Size  Location     Type
		None
 Auto vars:     Size  Location     Type
		None
 Return value:  Size  Location     Type
		None               void
 Registers used:
		None
 Tracked objects:
		On entry : 
		On exit  : 
		Unchanged: 
 Data sizes:     COMRAM   BANK0   BANK1   BANK2   BANK3   BANK4   BANK5   BANK6   BANK7   BANK8   BANK9  BANK10  BANK11  BANK12  BANK13  BANK14  BANK15
      Params:         0       0       0       0       0       0       0       0       0       0       0       0       0       0       0       0       0
      Locals:         0       0       0       0       0       0       0       0       0       0       0       0       0       0       0       0       0
      Temps:          0       0       0       0       0       0       0       0       0       0       0       0       0       0       0       0       0
      Totals:         0       0       0       0       0       0       0       0       0       0       0       0       0       0       0       0       0
Total ram usage:        0 bytes
 Hardware stack levels used:    1
 This function calls:
		Nothing
 This function is called by:
		_CLASSB_ClockLineFreqISR
 This function uses a non-reentrant model



MODULE INFORMATION

Module		Function		Class		Link	Load	Size
shared
		__initializatio		CODE           	03AC	0000	12

shared estimated size: 12

main.c
		_ISR           		CODE           	0008	0000	16
		_OnClockError  		CODE           	03D6	0000	4
		_main          		CODE           	0314	0000	44
		_Init          		CODE           	0340	0000	28
		_CheckClockLine		CODE           	03C2	0000	20

main.c estimated size: 112

C:\Program Files (x86)\Microchip\xc8\v1.31\sources\common\lldiv.c
		___lldiv       		CODE           	029E	0000	118

C:\Program Files (x86)\Microchip\xc8\v1.31\sources\common\lldiv.c estimated size: 118

C:\Program Files (x86)\Microchip\xc8\v1.31\sources\common\lmul.c
		___lmul        		CODE           	0204	0000	154

C:\Program Files (x86)\Microchip\xc8\v1.31\sources\common\lmul.c estimated size: 154

CLASSB_ClockLineFreqTest.c
		_CLASSB_LineUse		CODE           	0392	0000	26
		_CLASSB_ClockLi		CODE           	0144	0000	192
		_LineFreqInit  		CODE           	035C	0000	28
		_CLASSB_ClockLi		CODE           	001C	0000	296
		_CLASSB_LineUse		CODE           	0378	0000	26

CLASSB_ClockLineFreqTest.c estimated size: 568

