Microchip MPLAB XC8 Compiler V1.12 ()

Linker command line:

--edf=C:\Program Files (x86)\Microchip\xc8\v1.12\dat\en_msgs.txt -cs \
  -h+dist/default/production\CLASSB_RAMMarchCStackTest.X.production.sym -z \
  -Q18F14K22 -ol.obj \
  -Mdist/default/production/CLASSB_RAMMarchCStackTest.X.production.map -E1 \
  -ver=XC8 -ACODE=00h-03FFFh -ACONST=00h-03FFFh -ASMALLCONST=0200h-02FFhx62 \
  -AMEDIUMCONST=0200h-03FFFh -ACOMRAM=01h-05Fh -AABS1=00h-01FFh \
  -ABIGRAM=01h-01FFh -ARAM=060h-0FFh,0100h-01FFh -ABANK0=060h-0FFh \
  -ABANK1=0100h-01FFh -ASFR=0F60h-0FFFh \
  -preset_vec=00h,intcode,intcodelo,powerup,init,end_init -pramtop=0200h \
  -psmallconst=SMALLCONST -pmediumconst=MEDIUMCONST -pconst=CONST \
  -AFARRAM=00h-00h -ACONFIG=0300000h-030000Dh -pconfig=CONFIG \
  -AIDLOC=0200000h-0200007h -pidloc=IDLOC -AEEDATA=0F00000h-0F000FFh \
  -peeprom_data=EEDATA \
  -prdata=COMRAM,nvrram=COMRAM,nvbit=COMRAM,rbss=COMRAM,rbit=COMRAM \
  -pfarbss=FARRAM,fardata=FARRAM \
  -pintsave_regs=BIGRAM,bigbss=BIGRAM,bigdata=BIGRAM -pbss=RAM \
  -pidata=CODE,irdata=CODE,ibigdata=CODE,ifardata=CODE \
  C:\Users\C13819\AppData\Local\Temp\s1coo.obj \
  dist/default/production\CLASSB_RAMMarchCStackTest.X.production.obj 

Object code version is 3.10

Machine type is 18F14K22

Call graph: (short form)




                Name                               Link     Load   Length Selector   Space Scale
C:\Users\C13819\AppData\Local\Temp\s1coo.obj
                end_init                              0        0        4        0       0
                idloc                            200000   200000        8   200000       0
                config                           300000   300000        E   300000       0
dist/default/production\CLASSB_RAMMarchCStackTest.X.production.obj
                text1                              3C3C     3C3C      3C4     1E1E       0
                cstackCOMRAM                          2        2        1        1       1
                bssCOMRAM                             1        1        1        1       1
                cinit                              3C1C     3C1C        8     1E0E       0
                text0                              3C24     3C24       18     1E12       0

TOTAL           Name                               Link     Load   Length     Space
        CLASS   CODE           
                end_init                              0        0        4         0
                text1                              3C3C     3C3C      3C4         0
                cinit                              3C1C     3C1C        8         0
                text0                              3C24     3C24       18         0

        CLASS   CONST          

        CLASS   SMALLCONST     

        CLASS   MEDIUMCONST    

        CLASS   COMRAM         
                cstackCOMRAM                          2        2        1         1
                bssCOMRAM                             1        1        1         1

        CLASS   ABS1           
                abs_s1                               60       60        3         1
                abs_s1                               62       62        8         1

        CLASS   BIGRAM         

        CLASS   RAM            

        CLASS   BANK0          

        CLASS   BANK1          

        CLASS   SFR            

        CLASS   FARRAM         

        CLASS   CONFIG         
                config                           300000   300000        E         0

        CLASS   IDLOC          
                idloc                            200000   200000        8         0

        CLASS   EEDATA         



SEGMENTS        Name                           Load    Length   Top    Selector   Space  Class

                reset_vec                      000000  000004  000004         0       0  CODE    
                bssCOMRAM                      000001  000002  000003         1       1  COMRAM  
                cinit                          003C1C  000008  003C24      1E0E       0  CODE    
                text0                          003C24  000018  003C3C      1E12       0  CODE    
                text1                          003C3C  0003C4  004000      1E1E       0  CODE    
                idloc                          200000  000008  200008    200000       0  IDLOC   
                config                         300000  00000E  30000E    300000       0  CONFIG  


UNUSED ADDRESS RANGES

        Name                Unused          Largest block    Delta
        BANK0            00006A-0000FF               96
        BANK1            000100-0001FF              100
        BIGRAM           000003-00005F               5D
                         00006A-0001FF              196
        CODE             000004-003C1B             3C18
        COMRAM           000003-00005F               5D
        CONST            000004-003C1B             3C18
        EEDATA           F00000-F000FF              100
        MEDIUMCONST      000200-003C1B             3A1C
        RAM              00006A-0001FF               96
        SFR              000F60-000FFF               A0
        SMALLCONST       000200-003C1B              100

                                  Symbol Table

_CLASSB_MARCHtempAddress            (abs)        000064
_CLASSB_MarchIndex                  (abs)        000066
_CLASSB_MarchLength                 (abs)        000068
_CLASSB_MarchbufferAddress          (abs)        000062
_CLASSB_MarchstartAddress           (abs)        000060
_CLASSB_RAMMarchCStackTest          text1        003C3C
_FSR0                               (abs)        000FE9
_STKPTR                             (abs)        000FFC
_TOSH                               (abs)        000FFE
_TOSL                               (abs)        000FFD
_TOSU                               (abs)        000FFF
__CFG_BBSIZ$OFF                     (abs)        000000
__CFG_BOREN$SBORDIS                 (abs)        000000
__CFG_BORV$19                       (abs)        000000
__CFG_CP0$OFF                       (abs)        000000
__CFG_CP1$OFF                       (abs)        000000
__CFG_CPB$OFF                       (abs)        000000
__CFG_CPD$OFF                       (abs)        000000
__CFG_EBTR0$OFF                     (abs)        000000
__CFG_EBTR1$OFF                     (abs)        000000
__CFG_EBTRB$OFF                     (abs)        000000
__CFG_FCMEN$OFF                     (abs)        000000
__CFG_FOSC$IRC                      (abs)        000000
__CFG_HFOFST$ON                     (abs)        000000
__CFG_IESO$OFF                      (abs)        000000
__CFG_LVP$OFF                       (abs)        000000
__CFG_MCLRE$ON                      (abs)        000000
__CFG_PCLKEN$ON                     (abs)        000000
__CFG_PLLEN$OFF                     (abs)        000000
__CFG_PWRTEN$OFF                    (abs)        000000
__CFG_STVREN$OFF                    (abs)        000000
__CFG_WDTEN$OFF                     (abs)        000000
__CFG_WDTPS$32768                   (abs)        000000
__CFG_WRT0$OFF                      (abs)        000000
__CFG_WRT1$OFF                      (abs)        000000
__CFG_WRTB$OFF                      (abs)        000000
__CFG_WRTC$OFF                      (abs)        000000
__CFG_WRTD$OFF                      (abs)        000000
__CFG_XINST$OFF                     (abs)        000000
__HRAM                              (abs)        000000
__Habs1                             abs1         000000
__Hbank0                            bank0        000000
__Hbank1                            bank1        000000
__Hbigbss                           bigbss       000000
__Hbigdata                          bigdata      000000
__Hbigram                           bigram       000000
__Hbss                              bss          000000
__HbssCOMRAM                        bssCOMRAM    000000
__Hcinit                            cinit        000000
__Hclrtext                          clrtext      000000
__Hcomram                           comram       000000
__Hconfig                           config       30000E
__Hconst                            const        000000
__HcstackCOMRAM                     cstackCOMRAM 000000
__Hdata                             data         000000
__Heeprom_data                      eeprom_data  000000
__Hend_init                         end_init     000004
__Hfarbss                           farbss       000000
__Hfardata                          fardata      000000
__Hibigdata                         ibigdata     000000
__Hidata                            idata        000000
__Hidloc                            idloc        200008
__Hifardata                         ifardata     000000
__Hinit                             init         000000
__Hintcode                          intcode      000000
__Hintcode_body                     intcode_body 000000
__Hintcodelo                        intcodelo    000000
__Hintentry                         intentry     000000
__Hintret                           intret       000000
__Hintsave_regs                     intsave_regs 000000
__Hirdata                           irdata       000000
__Hmediumconst                      mediumconst  000000
__Hnvbit                            nvbit        000000
__Hnvrram                           nvrram       000000
__Hparam                            rparam       000000
__Hpowerup                          powerup      000000
__Hram                              ram          000000
__Hramtop                           ramtop       000200
__Hrbit                             rbit         000000
__Hrbss                             rbss         000000
__Hrdata                            rdata        000000
__Hreset_vec                        reset_vec    000000
__Hrparam                           rparam       000000
__Hsfr                              sfr          000000
__Hsmallconst                       smallconst   000000
__Hstruct                           struct       000000
__Htemp                             temp         000000
__Htext                             text         000000
__Htext0                            text0        000000
__Htext1                            text1        000000
__Htext2                            text2        000000
__LRAM                              (abs)        000001
__Labs1                             abs1         000000
__Lbank0                            bank0        000000
__Lbank1                            bank1        000000
__Lbigbss                           bigbss       000000
__Lbigdata                          bigdata      000000
__Lbigram                           bigram       000000
__Lbss                              bss          000000
__LbssCOMRAM                        bssCOMRAM    000000
__Lcinit                            cinit        000000
__Lclrtext                          clrtext      000000
__Lcomram                           comram       000000
__Lconfig                           config       300000
__Lconst                            const        000000
__LcstackCOMRAM                     cstackCOMRAM 000000
__Ldata                             data         000000
__Leeprom_data                      eeprom_data  000000
__Lend_init                         end_init     000000
__Lfarbss                           farbss       000000
__Lfardata                          fardata      000000
__Libigdata                         ibigdata     000000
__Lidata                            idata        000000
__Lidloc                            idloc        200000
__Lifardata                         ifardata     000000
__Linit                             init         000000
__Lintcode                          intcode      000000
__Lintcode_body                     intcode_body 000000
__Lintcodelo                        intcodelo    000000
__Lintentry                         intentry     000000
__Lintret                           intret       000000
__Lintsave_regs                     intsave_regs 000000
__Lirdata                           irdata       000000
__Lmediumconst                      mediumconst  000000
__Lnvbit                            nvbit        000000
__Lnvrram                           nvrram       000000
__Lparam                            rparam       000000
__Lpowerup                          powerup      000000
__Lram                              ram          000000
__Lramtop                           ramtop       000200
__Lrbit                             rbit         000000
__Lrbss                             rbss         000000
__Lrdata                            rdata        000000
__Lreset_vec                        reset_vec    000000
__Lrparam                           rparam       000000
__Lsfr                              sfr          000000
__Lsmallconst                       smallconst   000000
__Lstruct                           struct       000000
__Ltemp                             temp         000000
__Ltext                             text         000000
__Ltext0                            text0        000000
__Ltext1                            text1        000000
__Ltext2                            text2        000000
__S0                                (abs)        30000E
__S1                                (abs)        000003
__accesstop                         (abs)        000060
__activetblptr                      (abs)        000000
__end_of_CLASSB_RAMMarchCStackTest  text1        004000
__end_of__initialization            cinit        003C1E
__end_of_main                       text1        003C3C
__initialization                    cinit        003C1C
__mediumconst                       mediumconst  000000
__pbssCOMRAM                        bssCOMRAM    000001
__pcinit                            cinit        003C1C
__pcstackCOMRAM                     cstackCOMRAM 000002
__ptext0                            text0        003C24
__ptext1                            text1        003C3C
__ptext2                            text2        000000
__ramtop                            ramtop       000200
__size_of_CLASSB_RAMMarchCStackTest (abs)        000000
__size_of_main                      (abs)        000000
__smallconst                        smallconst   000000
_main                               text0        003C24
_stackTestResult                    bssCOMRAM    000001
end_of_initialization               cinit        003C1E
intlevel0                           text         000000
intlevel1                           text         000000
intlevel2                           text         000000
intlevel3                           text         000000
main@testResult                     cstackCOMRAM 000002
start                               init         000000
start_initialization                cinit        003C1C


FUNCTION INFORMATION:

 *************** function _main *****************
 Defined at:
		line 121 in file "main.c"
 Parameters:    Size  Location     Type
		None
 Auto vars:     Size  Location     Type
  testResult      1    0[COMRAM] volatile unsigned char 
 Return value:  Size  Location     Type
		None               void
 Registers used:
		wreg, fsr2l, fsr2h, status,2, status,0, cstack
 Tracked objects:
		On entry : 
		On exit  : 
		Unchanged: 
 Data sizes:     COMRAM   BANK0   BANK1
      Params:         0       0       0
      Locals:         1       0       0
      Temps:          0       0       0
      Totals:         1       0       0
Total ram usage:        1 bytes
 Hardware stack levels required when called:    1
 This function calls:
		_CLASSB_RAMMarchCStackTest
 This function is called by:
		Startup code after reset
 This function uses a non-reentrant model


 *************** function _CLASSB_RAMMarchCStackTest *****************
 Defined at:
		line 68 in file "CLASSB_RAMMARCHCStackTest.c"
 Parameters:    Size  Location     Type
		None
 Auto vars:     Size  Location     Type
		None
 Return value:  Size  Location     Type
                  1    wreg      enum E3995
 Registers used:
		wreg, fsr2l, fsr2h, status,2, status,0
 Tracked objects:
		On entry : 
		On exit  : 
		Unchanged: 
 Data sizes:     COMRAM   BANK0   BANK1
      Params:         0       0       0
      Locals:         0       0       0
      Temps:          0       0       0
      Totals:         0       0       0
Total ram usage:        0 bytes
 Hardware stack levels used:    1
 This function calls:
		Nothing
 This function is called by:
		_main
 This function uses a non-reentrant model



MODULE INFORMATION

Module		Function		Class		Link	Load	Size
CLASSB_RAMMARCHCStackTest.c
		_CLASSB_RAMMarc		CODE           	3C3C	0000	964

CLASSB_RAMMARCHCStackTest.c estimated size: 964

shared
		__initializatio		CODE           	3C1C	0000	2

shared estimated size: 2

main.c
		_main          		CODE           	3C24	0000	24

main.c estimated size: 24

