Microchip MPLAB XC8 Compiler V1.12 ()

Linker command line:

--edf=C:\Program Files (x86)\Microchip\xc8\v1.12\dat\en_msgs.txt -cs \
  -h+dist/default/production\CLASSB_CPURegistersTest.X.production.sym -z \
  -Q18F87K90 -ol.obj \
  -Mdist/default/production/CLASSB_CPURegistersTest.X.production.map -E1 \
  -ver=XC8 -ACODE=00h-01FFFFh -ACONST=00h-01FFFFh \
  -ASMALLCONST=0F00h-0FFFhx497 -AMEDIUMCONST=0F00h-0FFFFh,010F00h-01FFFFh \
  -ACOMRAM=01h-05Fh -AABS1=00h-0EF3h -ABIGRAM=01h-0EF3h \
  -ARAM=060h-0FFh,0100h-01FFhx13,0E00h-0EF3h -ABANK0=060h-0FFh \
  -ABANK1=0100h-01FFh -ABANK2=0200h-02FFh -ABANK3=0300h-03FFh \
  -ABANK4=0400h-04FFh -ABANK5=0500h-05FFh -ABANK6=0600h-06FFh \
  -ABANK7=0700h-07FFh -ABANK8=0800h-08FFh -ABANK9=0900h-09FFh \
  -ABANK10=0A00h-0AFFh -ABANK11=0B00h-0BFFh -ABANK12=0C00h-0CFFh \
  -ABANK13=0D00h-0DFFh -ABANK14=0E00h-0EF3h \
  -ASFR=0EF4h-0EFFh,0F00h-0F5Fh,0F60h-0FFFh \
  -preset_vec=00h,intcode,intcodelo,powerup,init,end_init -pramtop=0F00h \
  -psmallconst=SMALLCONST -pmediumconst=MEDIUMCONST -pconst=CONST \
  -AFARRAM=00h-00h -ACONFIG=0300000h-030000Dh -pconfig=CONFIG \
  -AIDLOC=0200000h-0200007h -pidloc=IDLOC -AEEDATA=0F00000h-0F003FFh \
  -peeprom_data=EEDATA \
  -prdata=COMRAM,nvrram=COMRAM,nvbit=COMRAM,rbss=COMRAM,rbit=COMRAM \
  -pfarbss=FARRAM,fardata=FARRAM \
  -pintsave_regs=BIGRAM,bigbss=BIGRAM,bigdata=BIGRAM -pbss=RAM \
  -pidata=CODE,irdata=CODE,ibigdata=CODE,ifardata=CODE \
  C:\Users\C13819\AppData\Local\Temp\sol0.obj \
  dist/default/production\CLASSB_CPURegistersTest.X.production.obj 

Object code version is 3.10

Machine type is 18F87K90

Call graph: (short form)




                Name                               Link     Load   Length Selector   Space Scale
C:\Users\C13819\AppData\Local\Temp\sol0.obj
                (abs)                                 0        0        8        0       0
                end_init                              0        0        4        0       0
                idloc                            200000   200000        8   200000       0
                config                           300000   300000        E   300000       0
dist/default/production\CLASSB_CPURegistersTest.X.production.obj
                text1                             1FE0E    1FE0E      1F2     FF07       0
                cstackCOMRAM                          1        1        1        1       1
                cinit                             1FDF8    1FDF8        6     FEFC       0
                text0                             1FDFE    1FDFE       10     FEFF       0

TOTAL           Name                               Link     Load   Length     Space
        CLASS   CODE           
                end_init                              0        0        4         0
                text1                             1FE0E    1FE0E      1F2         0
                cinit                             1FDF8    1FDF8        6         0
                text0                             1FDFE    1FDFE       10         0

        CLASS   CONST          

        CLASS   SMALLCONST     

        CLASS   MEDIUMCONST    

        CLASS   COMRAM         
                cstackCOMRAM                          1        1        1         1

        CLASS   ABS1           

        CLASS   BIGRAM         

        CLASS   RAM            

        CLASS   BANK0          

        CLASS   BANK1          

        CLASS   BANK2          

        CLASS   BANK3          

        CLASS   BANK4          

        CLASS   BANK5          

        CLASS   BANK6          

        CLASS   BANK7          

        CLASS   BANK8          

        CLASS   BANK9          

        CLASS   BANK10         

        CLASS   BANK11         

        CLASS   BANK12         

        CLASS   BANK13         

        CLASS   BANK14         

        CLASS   SFR            

        CLASS   FARRAM         

        CLASS   CONFIG         
                config                           300000   300000        E         0

        CLASS   IDLOC          
                idloc                            200000   200000        8         0

        CLASS   EEDATA         

        NON-CLASSED
                (abs)                                 0        0        8         0


SEGMENTS        Name                           Load    Length   Top    Selector   Space  Class

                reset_vec                      000000  000004  000004         0       0  CODE    
                cstackCOMRAM                   000001  000001  000002         1       1  COMRAM  
                cinit                          01FDF8  000006  01FDFE      FEFC       0  CODE    
                text0                          01FDFE  000010  01FE0E      FEFF       0  CODE    
                text1                          01FE0E  0001F2  020000      FF07       0  CODE    
                idloc                          200000  000008  200008    200000       0  IDLOC   
                config                         300000  00000E  30000E    300000       0  CONFIG  


UNUSED ADDRESS RANGES

        Name                Unused          Largest block    Delta
        BANK0            000060-0000FF               A0
        BANK1            000100-0001FF              100
        BANK10           000A00-000AFF              100
        BANK11           000B00-000BFF              100
        BANK12           000C00-000CFF              100
        BANK13           000D00-000DFF              100
        BANK14           000E00-000EF3               F4
        BANK2            000200-0002FF              100
        BANK3            000300-0003FF              100
        BANK4            000400-0004FF              100
        BANK5            000500-0005FF              100
        BANK6            000600-0006FF              100
        BANK7            000700-0007FF              100
        BANK8            000800-0008FF              100
        BANK9            000900-0009FF              100
        BIGRAM           000002-000EF3              EF2
        CODE             000008-01FDF7            1FDF0
        COMRAM           000002-00005F               5E
        CONST            000008-01FDF7            1FDF0
        EEDATA           F00000-F003FF              400
        MEDIUMCONST      000F00-00FFFF             F100
                         010F00-01FDF7             EEF8
        RAM              000060-000EF3              100
        SFR              000EF4-000FFF               60
        SMALLCONST       000F00-01FDF7              100

                                  Symbol Table

_CLASSB_CPURegistersTest          text1        01FE0E
__CFG_BBSIZ$BB2K                  (abs)        000000
__CFG_BOREN$SBORDIS               (abs)        000000
__CFG_BORPWR$ZPBORMV              (abs)        000000
__CFG_BORV$3                      (abs)        000000
__CFG_CCP2MX$PORTC                (abs)        000000
__CFG_CP0$OFF                     (abs)        000000
__CFG_CP1$OFF                     (abs)        000000
__CFG_CP2$OFF                     (abs)        000000
__CFG_CP3$OFF                     (abs)        000000
__CFG_CP4$OFF                     (abs)        000000
__CFG_CP5$OFF                     (abs)        000000
__CFG_CP6$OFF                     (abs)        000000
__CFG_CP7$OFF                     (abs)        000000
__CFG_CPB$OFF                     (abs)        000000
__CFG_CPD$OFF                     (abs)        000000
__CFG_EBRT0$OFF                   (abs)        000000
__CFG_EBRT1$OFF                   (abs)        000000
__CFG_EBRT2$OFF                   (abs)        000000
__CFG_EBRT3$OFF                   (abs)        000000
__CFG_EBRT4$OFF                   (abs)        000000
__CFG_EBRT5$OFF                   (abs)        000000
__CFG_EBRT6$OFF                   (abs)        000000
__CFG_EBRT7$OFF                   (abs)        000000
__CFG_EBRTB$OFF                   (abs)        000000
__CFG_ECCPMX$PORTE                (abs)        000000
__CFG_FCMEN$OFF                   (abs)        000000
__CFG_FOSC$INTIO2                 (abs)        000000
__CFG_IESO$OFF                    (abs)        000000
__CFG_INTOSCSEL$HIGH              (abs)        000000
__CFG_MCLRE$ON                    (abs)        000000
__CFG_MSSPMSK$MSK7                (abs)        000000
__CFG_PLLCFG$OFF                  (abs)        000000
__CFG_PWRTEN$OFF                  (abs)        000000
__CFG_RETEN$ON                    (abs)        000000
__CFG_RTCOSC$SOSCREF              (abs)        000000
__CFG_SOSCSEL$HIGH                (abs)        000000
__CFG_STVREN$ON                   (abs)        000000
__CFG_WDTEN$OFF                   (abs)        000000
__CFG_WDTPS$1048576               (abs)        000000
__CFG_WRT0$OFF                    (abs)        000000
__CFG_WRT1$OFF                    (abs)        000000
__CFG_WRT2$OFF                    (abs)        000000
__CFG_WRT3$OFF                    (abs)        000000
__CFG_WRT4$OFF                    (abs)        000000
__CFG_WRT5$OFF                    (abs)        000000
__CFG_WRT6$OFF                    (abs)        000000
__CFG_WRT7$OFF                    (abs)        000000
__CFG_WRTB$OFF                    (abs)        000000
__CFG_WRTC$OFF                    (abs)        000000
__CFG_WRTD$OFF                    (abs)        000000
__CFG_XINST$OFF                   (abs)        000000
__HRAM                            (abs)        000000
__Habs1                           abs1         000000
__Hbank0                          bank0        000000
__Hbank1                          bank1        000000
__Hbank10                         bank10       000000
__Hbank11                         bank11       000000
__Hbank12                         bank12       000000
__Hbank13                         bank13       000000
__Hbank14                         bank14       000000
__Hbank2                          bank2        000000
__Hbank3                          bank3        000000
__Hbank4                          bank4        000000
__Hbank5                          bank5        000000
__Hbank6                          bank6        000000
__Hbank7                          bank7        000000
__Hbank8                          bank8        000000
__Hbank9                          bank9        000000
__Hbigbss                         bigbss       000000
__Hbigdata                        bigdata      000000
__Hbigram                         bigram       000000
__Hbss                            bss          000000
__Hcinit                          cinit        000000
__Hclrtext                        clrtext      000000
__Hcomram                         comram       000000
__Hconfig                         config       30000E
__Hconst                          const        000000
__HcstackCOMRAM                   cstackCOMRAM 000000
__Hdata                           data         000000
__Heeprom_data                    eeprom_data  000000
__Hend_init                       end_init     000004
__Hfarbss                         farbss       000000
__Hfardata                        fardata      000000
__Hibigdata                       ibigdata     000000
__Hidata                          idata        000000
__Hidloc                          idloc        200008
__Hifardata                       ifardata     000000
__Hinit                           init         000000
__Hintcode                        intcode      000000
__Hintcode_body                   intcode_body 000000
__Hintcodelo                      intcodelo    000000
__Hintentry                       intentry     000000
__Hintret                         intret       000000
__Hintsave_regs                   intsave_regs 000000
__Hirdata                         irdata       000000
__Hmediumconst                    mediumconst  000000
__Hnvbit                          nvbit        000000
__Hnvrram                         nvrram       000000
__Hparam                          rparam       000000
__Hpowerup                        powerup      000000
__Hram                            ram          000000
__Hramtop                         ramtop       000F00
__Hrbit                           rbit         000000
__Hrbss                           rbss         000000
__Hrdata                          rdata        000000
__Hreset_vec                      reset_vec    000000
__Hrparam                         rparam       000000
__Hsfr                            sfr          000000
__Hsmallconst                     smallconst   000000
__Hstruct                         struct       000000
__Htemp                           temp         000000
__Htext                           text         000000
__Htext0                          text0        000000
__Htext1                          text1        000000
__Htext2                          text2        000000
__LRAM                            (abs)        000001
__Labs1                           abs1         000000
__Lbank0                          bank0        000000
__Lbank1                          bank1        000000
__Lbank10                         bank10       000000
__Lbank11                         bank11       000000
__Lbank12                         bank12       000000
__Lbank13                         bank13       000000
__Lbank14                         bank14       000000
__Lbank2                          bank2        000000
__Lbank3                          bank3        000000
__Lbank4                          bank4        000000
__Lbank5                          bank5        000000
__Lbank6                          bank6        000000
__Lbank7                          bank7        000000
__Lbank8                          bank8        000000
__Lbank9                          bank9        000000
__Lbigbss                         bigbss       000000
__Lbigdata                        bigdata      000000
__Lbigram                         bigram       000000
__Lbss                            bss          000000
__Lcinit                          cinit        000000
__Lclrtext                        clrtext      000000
__Lcomram                         comram       000000
__Lconfig                         config       300000
__Lconst                          const        000000
__LcstackCOMRAM                   cstackCOMRAM 000000
__Ldata                           data         000000
__Leeprom_data                    eeprom_data  000000
__Lend_init                       end_init     000000
__Lfarbss                         farbss       000000
__Lfardata                        fardata      000000
__Libigdata                       ibigdata     000000
__Lidata                          idata        000000
__Lidloc                          idloc        200000
__Lifardata                       ifardata     000000
__Linit                           init         000000
__Lintcode                        intcode      000000
__Lintcode_body                   intcode_body 000000
__Lintcodelo                      intcodelo    000000
__Lintentry                       intentry     000000
__Lintret                         intret       000000
__Lintsave_regs                   intsave_regs 000000
__Lirdata                         irdata       000000
__Lmediumconst                    mediumconst  000000
__Lnvbit                          nvbit        000000
__Lnvrram                         nvrram       000000
__Lparam                          rparam       000000
__Lpowerup                        powerup      000000
__Lram                            ram          000000
__Lramtop                         ramtop       000F00
__Lrbit                           rbit         000000
__Lrbss                           rbss         000000
__Lrdata                          rdata        000000
__Lreset_vec                      reset_vec    000000
__Lrparam                         rparam       000000
__Lsfr                            sfr          000000
__Lsmallconst                     smallconst   000000
__Lstruct                         struct       000000
__Ltemp                           temp         000000
__Ltext                           text         000000
__Ltext0                          text0        000000
__Ltext1                          text1        000000
__Ltext2                          text2        000000
__S0                              (abs)        30000E
__S1                              (abs)        000002
__accesstop                       (abs)        000060
__activetblptr                    (abs)        000000
__end_of_CLASSB_CPURegistersTest  text1        020000
__end_of__initialization          cinit        01FDF8
__end_of_main                     text1        01FE0E
__initialization                  cinit        01FDF8
__mediumconst                     mediumconst  000000
__pcinit                          cinit        01FDF8
__pcstackCOMRAM                   cstackCOMRAM 000001
__ptext0                          text0        01FDFE
__ptext1                          text1        01FE0E
__ptext2                          text2        000000
__ramtop                          ramtop       000F00
__size_of_CLASSB_CPURegistersTest (abs)        000000
__size_of_main                    (abs)        000000
__smallconst                      smallconst   000000
_main                             text0        01FDFE
end_of_initialization             cinit        01FDF8
intlevel0                         text         000000
intlevel1                         text         000000
intlevel2                         text         000000
intlevel3                         text         000000
main@testResult                   cstackCOMRAM 000001
start                             init         000000
start_initialization              cinit        01FDF8


FUNCTION INFORMATION:

 *************** function _main *****************
 Defined at:
		line 148 in file "main.c"
 Parameters:    Size  Location     Type
		None
 Auto vars:     Size  Location     Type
  testResult      1    0[COMRAM] volatile unsigned char 
 Return value:  Size  Location     Type
		None               void
 Registers used:
		wreg, status,2, cstack
 Tracked objects:
		On entry : 
		On exit  : 
		Unchanged: 
 Data sizes:     COMRAM   BANK0   BANK1   BANK2   BANK3   BANK4   BANK5   BANK6   BANK7   BANK8   BANK9  BANK10  BANK11  BANK12  BANK13  BANK14
      Params:         0       0       0       0       0       0       0       0       0       0       0       0       0       0       0       0
      Locals:         1       0       0       0       0       0       0       0       0       0       0       0       0       0       0       0
      Temps:          0       0       0       0       0       0       0       0       0       0       0       0       0       0       0       0
      Totals:         1       0       0       0       0       0       0       0       0       0       0       0       0       0       0       0
Total ram usage:        1 bytes
 Hardware stack levels required when called:    1
 This function calls:
		_CLASSB_CPURegistersTest
 This function is called by:
		Startup code after reset
 This function uses a non-reentrant model


 *************** function _CLASSB_CPURegistersTest *****************
 Defined at:
		line 73 in file "CLASSB_CPURegistersTest.c"
 Parameters:    Size  Location     Type
		None
 Auto vars:     Size  Location     Type
		None
 Return value:  Size  Location     Type
                  1    wreg      enum E11350
 Registers used:
		wreg
 Tracked objects:
		On entry : 
		On exit  : 
		Unchanged: 
 Data sizes:     COMRAM   BANK0   BANK1   BANK2   BANK3   BANK4   BANK5   BANK6   BANK7   BANK8   BANK9  BANK10  BANK11  BANK12  BANK13  BANK14
      Params:         0       0       0       0       0       0       0       0       0       0       0       0       0       0       0       0
      Locals:         0       0       0       0       0       0       0       0       0       0       0       0       0       0       0       0
      Temps:          0       0       0       0       0       0       0       0       0       0       0       0       0       0       0       0
      Totals:         0       0       0       0       0       0       0       0       0       0       0       0       0       0       0       0
Total ram usage:        0 bytes
 Hardware stack levels used:    1
 This function calls:
		Nothing
 This function is called by:
		_main
 This function uses a non-reentrant model



MODULE INFORMATION

Module		Function		Class		Link	Load	Size
CLASSB_CPURegistersTest.c
		_CLASSB_CPURegi		CODE           	1FE0E	0000	498

CLASSB_CPURegistersTest.c estimated size: 498

shared
		__initializatio		CODE           	1FDF8	0000	0

shared estimated size: 0

main.c
		_main          		CODE           	1FDFE	0000	16

main.c estimated size: 16

