Microchip MPLAB XC8 Compiler V1.12 ()

Linker command line:

--edf=C:\Program Files (x86)\Microchip\xc8\v1.12\dat\en_msgs.txt -cs \
  -h+dist/default/production\CLASSB_CPUPCTest.X.production.sym -z \
  -Q18F87K90 -ol.obj \
  -Mdist/default/production/CLASSB_CPUPCTest.X.production.map -E1 -ver=XC8 \
  -p_PCTestDEC1_text=15554h -p_PCTestDEC2_text=AAAAh \
  -p_PCTestRETURN1_text=15556h -p_PCTestRETURN2_text=AAACh \
  -p_PCTrap1_text=15552h -p_PCTrap2_text=AAA8h \
  -ACODE=00h-0AAA7h,0AAAEh-015551h,015558h-01FFFFh -ACONST=00h-01FFFFh \
  -ASMALLCONST=0F00h-0FFFhx497 -AMEDIUMCONST=0F00h-0FFFFh,010F00h-01FFFFh \
  -ACOMRAM=01h-05Fh -AABS1=00h-0EF3h -ABIGRAM=01h-0EF3h \
  -ARAM=060h-0FFh,0100h-01FFhx13,0E00h-0EF3h -ABANK0=060h-0FFh \
  -ABANK1=0100h-01FFh -ABANK2=0200h-02FFh -ABANK3=0300h-03FFh \
  -ABANK4=0400h-04FFh -ABANK5=0500h-05FFh -ABANK6=0600h-06FFh \
  -ABANK7=0700h-07FFh -ABANK8=0800h-08FFh -ABANK9=0900h-09FFh \
  -ABANK10=0A00h-0AFFh -ABANK11=0B00h-0BFFh -ABANK12=0C00h-0CFFh \
  -ABANK13=0D00h-0DFFh -ABANK14=0E00h-0EF3h \
  -ASFR=0EF4h-0EFFh,0F00h-0F5Fh,0F60h-0FFFh \
  -preset_vec=00h,intcode,intcodelo,powerup,init,end_init -pramtop=0F00h \
  -psmallconst=SMALLCONST -pmediumconst=MEDIUMCONST -pconst=CONST \
  -AFARRAM=00h-00h -ACONFIG=0300000h-030000Dh -pconfig=CONFIG \
  -AIDLOC=0200000h-0200007h -pidloc=IDLOC -AEEDATA=0F00000h-0F003FFh \
  -peeprom_data=EEDATA \
  -prdata=COMRAM,nvrram=COMRAM,nvbit=COMRAM,rbss=COMRAM,rbit=COMRAM \
  -pfarbss=FARRAM,fardata=FARRAM \
  -pintsave_regs=BIGRAM,bigbss=BIGRAM,bigdata=BIGRAM -pbss=RAM \
  -pidata=CODE,irdata=CODE,ibigdata=CODE,ifardata=CODE \
  C:\Users\C13819\AppData\Local\Temp\ss90.obj \
  dist/default/production\CLASSB_CPUPCTest.X.production.obj 

Object code version is 3.10

Machine type is 18F87K90

Call graph: (short form)




                Name                               Link     Load   Length Selector   Space Scale
C:\Users\C13819\AppData\Local\Temp\ss90.obj
                end_init                              0        0        4        0       0
                idloc                            200000   200000        8   200000       0
                config                           300000   300000        E   300000       0
dist/default/production\CLASSB_CPUPCTest.X.production.obj
                smallconst                          F00      F00        2      780       0
                text3                               F3A      F3A        A      781       0
                text2                               F2C      F2C        E      781       0
                text1                               F02      F02       16      781       0
                text0                               F18      F18       14      781       0
                cstackCOMRAM                          1        1        1        1       1
                cinit                               F44      F44        6      781       0
                _PCTrap2_text                      AAA8     AAA8        2     5554       0
                _PCTrap1_text                     15552    15552        2     AAA9       0
                _PCTestRETURN2_text                AAAC     AAAC        2     5556       0
                _PCTestRETURN1_text               15556    15556        2     AAAB       0
                _PCTestDEC2_text                   AAAA     AAAA        2     5555       0
                _PCTestDEC1_text                  15554    15554        2     AAAA       0

TOTAL           Name                               Link     Load   Length     Space
        CLASS   CODE           
                end_init                              0        0        4         0
                text3                               F3A      F3A        A         0
                text2                               F2C      F2C        E         0
                text1                               F02      F02       16         0
                text0                               F18      F18       14         0
                cinit                               F44      F44        6         0
                _PCTrap2_text                      AAA8     AAA8        2         0
                _PCTrap1_text                     15552    15552        2         0
                _PCTestRETURN2_text                AAAC     AAAC        2         0
                _PCTestRETURN1_text               15556    15556        2         0
                _PCTestDEC2_text                   AAAA     AAAA        2         0
                _PCTestDEC1_text                  15554    15554        2         0

        CLASS   CONST          

        CLASS   SMALLCONST     
                smallconst                          F00      F00        2         0

        CLASS   MEDIUMCONST    

        CLASS   COMRAM         
                cstackCOMRAM                          1        1        1         1

        CLASS   ABS1           
                abs_s1                               F0       F0        1         1

        CLASS   BIGRAM         

        CLASS   RAM            

        CLASS   BANK0          

        CLASS   BANK1          

        CLASS   BANK2          

        CLASS   BANK3          

        CLASS   BANK4          

        CLASS   BANK5          

        CLASS   BANK6          

        CLASS   BANK7          

        CLASS   BANK8          

        CLASS   BANK9          

        CLASS   BANK10         

        CLASS   BANK11         

        CLASS   BANK12         

        CLASS   BANK13         

        CLASS   BANK14         

        CLASS   SFR            

        CLASS   FARRAM         

        CLASS   CONFIG         
                config                           300000   300000        E         0

        CLASS   IDLOC          
                idloc                            200000   200000        8         0

        CLASS   EEDATA         



SEGMENTS        Name                           Load    Length   Top    Selector   Space  Class

                reset_vec                      000000  000004  000004         0       0  CODE    
                cstackCOMRAM                   000001  000001  000002         1       1  COMRAM  
                smallconst                     000F00  000002  000F02       780       0  SMALLCON
                text1                          000F02  000048  000F4A       781       0  CODE    
                _PCTrap2_text                  00AAA8  000002  00AAAA      5554       0  CODE    
                _PCTestDEC2_text               00AAAA  000002  00AAAC      5555       0  CODE    
                _PCTestRETURN2_text            00AAAC  000002  00AAAE      5556       0  CODE    
                _PCTrap1_text                  015552  000002  015554      AAA9       0  CODE    
                _PCTestDEC1_text               015554  000002  015556      AAAA       0  CODE    
                _PCTestRETURN1_text            015556  000002  015558      AAAB       0  CODE    
                idloc                          200000  000008  200008    200000       0  IDLOC   
                config                         300000  00000E  30000E    300000       0  CONFIG  


UNUSED ADDRESS RANGES

        Name                Unused          Largest block    Delta
        BANK0            000060-0000EF               90
                         0000F1-0000FF                F
        BANK1            000100-0001FF              100
        BANK10           000A00-000AFF              100
        BANK11           000B00-000BFF              100
        BANK12           000C00-000CFF              100
        BANK13           000D00-000DFF              100
        BANK14           000E00-000EF3               F4
        BANK2            000200-0002FF              100
        BANK3            000300-0003FF              100
        BANK4            000400-0004FF              100
        BANK5            000500-0005FF              100
        BANK6            000600-0006FF              100
        BANK7            000700-0007FF              100
        BANK8            000800-0008FF              100
        BANK9            000900-0009FF              100
        BIGRAM           000002-0000EF               EE
                         0000F1-000EF3              E03
        CODE             000004-000EFF              EFC
                         000F4A-00AAA7             9B5E
                         00AAAE-015551             AAA4
                         015558-01FFFF             AAA8
        COMRAM           000002-00005F               5E
        CONST            000004-000EFF              EFC
                         000F4A-00AAA7             9B5E
                         00AAAE-015551             AAA4
                         015558-01FFFF             AAA8
        EEDATA           F00000-F003FF              400
        MEDIUMCONST      000F4A-00AAA7             9B5E
                         00AAAE-00FFFF             5552
                         010F00-015551             4652
                         015558-01FFFF             AAA8
        RAM              000060-0000EF               90
                         0000F1-000EF3              100
        SFR              000EF4-000FFF               60
        SMALLCONST       000F4A-00AAA7              100
                         00AAAE-015551              100
                         015558-01FFFF              100

                                  Symbol Table

_CLASSB_CPUPCTest             text1               000F02
_CLASSB_PC_Function1          text2               000F2C
_CLASSB_PC_Function2          text3               000F3A
_PCL                          (abs)               000FF9
_PCLATH                       (abs)               000FFA
_PCLATU                       (abs)               000FFB
_PCTestDEC1                   _PCTestDEC1_text    015554
_PCTestDEC1_absaddr           (abs)               015554
_PCTestDEC2                   _PCTestDEC2_text    00AAAA
_PCTestDEC2_absaddr           (abs)               00AAAA
_PCTestRETURN1                _PCTestRETURN1_text 015556
_PCTestRETURN1_absaddr        (abs)               015556
_PCTestRETURN2                _PCTestRETURN2_text 00AAAC
_PCTestRETURN2_absaddr        (abs)               00AAAC
_PCTrap1                      _PCTrap1_text       015552
_PCTrap1_absaddr              (abs)               015552
_PCTrap2                      _PCTrap2_text       00AAA8
_PCTrap2_absaddr              (abs)               00AAA8
_PCtestFlag                   (abs)               0000F0
__CFG_BBSIZ$BB2K              (abs)               000000
__CFG_BOREN$SBORDIS           (abs)               000000
__CFG_BORPWR$ZPBORMV          (abs)               000000
__CFG_BORV$3                  (abs)               000000
__CFG_CCP2MX$PORTC            (abs)               000000
__CFG_CP0$OFF                 (abs)               000000
__CFG_CP1$OFF                 (abs)               000000
__CFG_CP2$OFF                 (abs)               000000
__CFG_CP3$OFF                 (abs)               000000
__CFG_CP4$OFF                 (abs)               000000
__CFG_CP5$OFF                 (abs)               000000
__CFG_CP6$OFF                 (abs)               000000
__CFG_CP7$OFF                 (abs)               000000
__CFG_CPB$OFF                 (abs)               000000
__CFG_CPD$OFF                 (abs)               000000
__CFG_EBRT0$OFF               (abs)               000000
__CFG_EBRT1$OFF               (abs)               000000
__CFG_EBRT2$OFF               (abs)               000000
__CFG_EBRT3$OFF               (abs)               000000
__CFG_EBRT4$OFF               (abs)               000000
__CFG_EBRT5$OFF               (abs)               000000
__CFG_EBRT6$OFF               (abs)               000000
__CFG_EBRT7$OFF               (abs)               000000
__CFG_EBRTB$OFF               (abs)               000000
__CFG_ECCPMX$PORTE            (abs)               000000
__CFG_FCMEN$OFF               (abs)               000000
__CFG_FOSC$INTIO2             (abs)               000000
__CFG_IESO$OFF                (abs)               000000
__CFG_INTOSCSEL$HIGH          (abs)               000000
__CFG_MCLRE$ON                (abs)               000000
__CFG_MSSPMSK$MSK7            (abs)               000000
__CFG_PLLCFG$OFF              (abs)               000000
__CFG_PWRTEN$OFF              (abs)               000000
__CFG_RETEN$ON                (abs)               000000
__CFG_RTCOSC$SOSCREF          (abs)               000000
__CFG_SOSCSEL$HIGH            (abs)               000000
__CFG_STVREN$ON               (abs)               000000
__CFG_WDTEN$OFF               (abs)               000000
__CFG_WDTPS$1048576           (abs)               000000
__CFG_WRT0$OFF                (abs)               000000
__CFG_WRT1$OFF                (abs)               000000
__CFG_WRT2$OFF                (abs)               000000
__CFG_WRT3$OFF                (abs)               000000
__CFG_WRT4$OFF                (abs)               000000
__CFG_WRT5$OFF                (abs)               000000
__CFG_WRT6$OFF                (abs)               000000
__CFG_WRT7$OFF                (abs)               000000
__CFG_WRTB$OFF                (abs)               000000
__CFG_WRTC$OFF                (abs)               000000
__CFG_WRTD$OFF                (abs)               000000
__CFG_XINST$OFF               (abs)               000000
__HRAM                        (abs)               000000
__H_PCTestDEC1_text           _PCTestDEC1_text    015556
__H_PCTestDEC2_text           _PCTestDEC2_text    00AAAC
__H_PCTestRETURN1_text        _PCTestRETURN1_text 015558
__H_PCTestRETURN2_text        _PCTestRETURN2_text 00AAAE
__H_PCTrap1_text              _PCTrap1_text       015554
__H_PCTrap2_text              _PCTrap2_text       00AAAA
__Habs1                       abs1                000000
__Hbank0                      bank0               000000
__Hbank1                      bank1               000000
__Hbank10                     bank10              000000
__Hbank11                     bank11              000000
__Hbank12                     bank12              000000
__Hbank13                     bank13              000000
__Hbank14                     bank14              000000
__Hbank2                      bank2               000000
__Hbank3                      bank3               000000
__Hbank4                      bank4               000000
__Hbank5                      bank5               000000
__Hbank6                      bank6               000000
__Hbank7                      bank7               000000
__Hbank8                      bank8               000000
__Hbank9                      bank9               000000
__Hbigbss                     bigbss              000000
__Hbigdata                    bigdata             000000
__Hbigram                     bigram              000000
__Hbss                        bss                 000000
__Hcinit                      cinit               000000
__Hclrtext                    clrtext             000000
__Hcomram                     comram              000000
__Hconfig                     config              30000E
__Hconst                      const               000000
__HcstackCOMRAM               cstackCOMRAM        000000
__Hdata                       data                000000
__Heeprom_data                eeprom_data         000000
__Hend_init                   end_init            000004
__Hfarbss                     farbss              000000
__Hfardata                    fardata             000000
__Hibigdata                   ibigdata            000000
__Hidata                      idata               000000
__Hidloc                      idloc               200008
__Hifardata                   ifardata            000000
__Hinit                       init                000000
__Hintcode                    intcode             000000
__Hintcode_body               intcode_body        000000
__Hintcodelo                  intcodelo           000000
__Hintentry                   intentry            000000
__Hintret                     intret              000000
__Hintsave_regs               intsave_regs        000000
__Hirdata                     irdata              000000
__Hmediumconst                mediumconst         000000
__Hnvbit                      nvbit               000000
__Hnvrram                     nvrram              000000
__Hparam                      rparam              000000
__Hpowerup                    powerup             000000
__Hram                        ram                 000000
__Hramtop                     ramtop              000F00
__Hrbit                       rbit                000000
__Hrbss                       rbss                000000
__Hrdata                      rdata               000000
__Hreset_vec                  reset_vec           000000
__Hrparam                     rparam              000000
__Hsfr                        sfr                 000000
__Hsmallconst                 smallconst          000F02
__Hstruct                     struct              000000
__Htemp                       temp                000000
__Htext                       text                000000
__Htext0                      text0               000000
__Htext1                      text1               000000
__Htext2                      text2               000000
__Htext3                      text3               000000
__LRAM                        (abs)               000001
__L_PCTestDEC1_text           _PCTestDEC1_text    015554
__L_PCTestDEC2_text           _PCTestDEC2_text    00AAAA
__L_PCTestRETURN1_text        _PCTestRETURN1_text 015556
__L_PCTestRETURN2_text        _PCTestRETURN2_text 00AAAC
__L_PCTrap1_text              _PCTrap1_text       015552
__L_PCTrap2_text              _PCTrap2_text       00AAA8
__Labs1                       abs1                000000
__Lbank0                      bank0               000000
__Lbank1                      bank1               000000
__Lbank10                     bank10              000000
__Lbank11                     bank11              000000
__Lbank12                     bank12              000000
__Lbank13                     bank13              000000
__Lbank14                     bank14              000000
__Lbank2                      bank2               000000
__Lbank3                      bank3               000000
__Lbank4                      bank4               000000
__Lbank5                      bank5               000000
__Lbank6                      bank6               000000
__Lbank7                      bank7               000000
__Lbank8                      bank8               000000
__Lbank9                      bank9               000000
__Lbigbss                     bigbss              000000
__Lbigdata                    bigdata             000000
__Lbigram                     bigram              000000
__Lbss                        bss                 000000
__Lcinit                      cinit               000000
__Lclrtext                    clrtext             000000
__Lcomram                     comram              000000
__Lconfig                     config              300000
__Lconst                      const               000000
__LcstackCOMRAM               cstackCOMRAM        000000
__Ldata                       data                000000
__Leeprom_data                eeprom_data         000000
__Lend_init                   end_init            000000
__Lfarbss                     farbss              000000
__Lfardata                    fardata             000000
__Libigdata                   ibigdata            000000
__Lidata                      idata               000000
__Lidloc                      idloc               200000
__Lifardata                   ifardata            000000
__Linit                       init                000000
__Lintcode                    intcode             000000
__Lintcode_body               intcode_body        000000
__Lintcodelo                  intcodelo           000000
__Lintentry                   intentry            000000
__Lintret                     intret              000000
__Lintsave_regs               intsave_regs        000000
__Lirdata                     irdata              000000
__Lmediumconst                mediumconst         000000
__Lnvbit                      nvbit               000000
__Lnvrram                     nvrram              000000
__Lparam                      rparam              000000
__Lpowerup                    powerup             000000
__Lram                        ram                 000000
__Lramtop                     ramtop              000F00
__Lrbit                       rbit                000000
__Lrbss                       rbss                000000
__Lrdata                      rdata               000000
__Lreset_vec                  reset_vec           000000
__Lrparam                     rparam              000000
__Lsfr                        sfr                 000000
__Lsmallconst                 smallconst          000F00
__Lstruct                     struct              000000
__Ltemp                       temp                000000
__Ltext                       text                000000
__Ltext0                      text0               000000
__Ltext1                      text1               000000
__Ltext2                      text2               000000
__Ltext3                      text3               000000
__S0                          (abs)               30000E
__S1                          (abs)               000002
__accesstop                   (abs)               000060
__activetblptr                (abs)               000003
__end_of_CLASSB_CPUPCTest     text1               000F18
__end_of_CLASSB_PC_Function1  text2               000F3A
__end_of_CLASSB_PC_Function2  text3               000F44
__end_of_PCTestDEC1           _PCTestDEC1_text    015556
__end_of_PCTestDEC2           _PCTestDEC2_text    00AAAC
__end_of_PCTestRETURN1        _PCTestRETURN1_text 015558
__end_of_PCTestRETURN2        _PCTestRETURN2_text 00AAAE
__end_of_PCTrap1              _PCTrap1_text       015554
__end_of_PCTrap2              _PCTrap2_text       00AAAA
__end_of__initialization      cinit               000F44
__end_of_main                 text1               000F02
__initialization              cinit               000F44
__mediumconst                 mediumconst         000000
__p_PCTestDEC1_text           _PCTestDEC1_text    015554
__p_PCTestDEC2_text           _PCTestDEC2_text    00AAAA
__p_PCTestRETURN1_text        _PCTestRETURN1_text 015556
__p_PCTestRETURN2_text        _PCTestRETURN2_text 00AAAC
__p_PCTrap1_text              _PCTrap1_text       015552
__p_PCTrap2_text              _PCTrap2_text       00AAA8
__pcinit                      cinit               000F44
__pcstackCOMRAM               cstackCOMRAM        000001
__psmallconst                 smallconst          000F00
__ptext0                      text0               000F18
__ptext1                      text1               000F02
__ptext2                      text2               000F2C
__ptext3                      text3               000F3A
__ramtop                      ramtop              000F00
__size_of_CLASSB_CPUPCTest    (abs)               000000
__size_of_CLASSB_PC_Function1 (abs)               000000
__size_of_CLASSB_PC_Function2 (abs)               000000
__size_of_main                (abs)               000000
__smallconst                  smallconst          000F00
_main                         text0               000F18
end_of_initialization         cinit               000F44
intlevel0                     text                000000
intlevel1                     text                000000
intlevel2                     text                000000
intlevel3                     text                000000
main@ProgramCounterResult     cstackCOMRAM        000001
start                         init                000000
start_initialization          cinit               000F44


FUNCTION INFORMATION:

 *************** function _main *****************
 Defined at:
		line 148 in file "main.c"
 Parameters:    Size  Location     Type
		None
 Auto vars:     Size  Location     Type
  ProgramCount    1    0[COMRAM] enum E11472
 Return value:  Size  Location     Type
		None               void
 Registers used:
		wreg, status,2, status,0, cstack
 Tracked objects:
		On entry : 
		On exit  : 
		Unchanged: 
 Data sizes:     COMRAM  BANK0h  BANK0l   BANK1   BANK2   BANK3   BANK4   BANK5   BANK6   BANK7   BANK8   BANK9  BANK10  BANK11  BANK12  BANK13  BANK14
      Params:         0       0       0       0       0       0       0       0       0       0       0       0       0       0       0       0       0
      Locals:         1       0       0       0       0       0       0       0       0       0       0       0       0       0       0       0       0
      Temps:          0       0       0       0       0       0       0       0       0       0       0       0       0       0       0       0       0
      Totals:         1       0       0       0       0       0       0       0       0       0       0       0       0       0       0       0       0
Total ram usage:        1 bytes
 Hardware stack levels required when called:    2
 This function calls:
		_CLASSB_CPUPCTest
 This function is called by:
		Startup code after reset
 This function uses a non-reentrant model


 *************** function _CLASSB_CPUPCTest *****************
 Defined at:
		line 79 in file "CLASSB_CPUPCTest.c"
 Parameters:    Size  Location     Type
		None
 Auto vars:     Size  Location     Type
		None
 Return value:  Size  Location     Type
                  1    wreg      enum E11472
 Registers used:
		wreg, status,2, cstack
 Tracked objects:
		On entry : 
		On exit  : 
		Unchanged: 
 Data sizes:     COMRAM  BANK0h  BANK0l   BANK1   BANK2   BANK3   BANK4   BANK5   BANK6   BANK7   BANK8   BANK9  BANK10  BANK11  BANK12  BANK13  BANK14
      Params:         0       0       0       0       0       0       0       0       0       0       0       0       0       0       0       0       0
      Locals:         0       0       0       0       0       0       0       0       0       0       0       0       0       0       0       0       0
      Temps:          0       0       0       0       0       0       0       0       0       0       0       0       0       0       0       0       0
      Totals:         0       0       0       0       0       0       0       0       0       0       0       0       0       0       0       0       0
Total ram usage:        0 bytes
 Hardware stack levels used:    1
 Hardware stack levels required when called:    1
 This function calls:
		_CLASSB_PC_Function1
		_CLASSB_PC_Function2
 This function is called by:
		_main
 This function uses a non-reentrant model


 *************** function _CLASSB_PC_Function1 *****************
 Defined at:
		line 106 in file "CLASSB_CPUPCTest.c"
 Parameters:    Size  Location     Type
		None
 Auto vars:     Size  Location     Type
		None
 Return value:  Size  Location     Type
		None               void
 Registers used:
		wreg, status,2
 Tracked objects:
		On entry : 
		On exit  : 
		Unchanged: 
 Data sizes:     COMRAM  BANK0h  BANK0l   BANK1   BANK2   BANK3   BANK4   BANK5   BANK6   BANK7   BANK8   BANK9  BANK10  BANK11  BANK12  BANK13  BANK14
      Params:         0       0       0       0       0       0       0       0       0       0       0       0       0       0       0       0       0
      Locals:         0       0       0       0       0       0       0       0       0       0       0       0       0       0       0       0       0
      Temps:          0       0       0       0       0       0       0       0       0       0       0       0       0       0       0       0       0
      Totals:         0       0       0       0       0       0       0       0       0       0       0       0       0       0       0       0       0
Total ram usage:        0 bytes
 Hardware stack levels used:    1
 This function calls:
		Nothing
 This function is called by:
		_CLASSB_CPUPCTest
 This function uses a non-reentrant model


 *************** function _CLASSB_PC_Function2 *****************
 Defined at:
		line 128 in file "CLASSB_CPUPCTest.c"
 Parameters:    Size  Location     Type
		None
 Auto vars:     Size  Location     Type
		None
 Return value:  Size  Location     Type
		None               void
 Registers used:
		wreg, status,2
 Tracked objects:
		On entry : 
		On exit  : 
		Unchanged: 
 Data sizes:     COMRAM  BANK0h  BANK0l   BANK1   BANK2   BANK3   BANK4   BANK5   BANK6   BANK7   BANK8   BANK9  BANK10  BANK11  BANK12  BANK13  BANK14
      Params:         0       0       0       0       0       0       0       0       0       0       0       0       0       0       0       0       0
      Locals:         0       0       0       0       0       0       0       0       0       0       0       0       0       0       0       0       0
      Temps:          0       0       0       0       0       0       0       0       0       0       0       0       0       0       0       0       0
      Totals:         0       0       0       0       0       0       0       0       0       0       0       0       0       0       0       0       0
Total ram usage:        0 bytes
 Hardware stack levels used:    1
 This function calls:
		Nothing
 This function is called by:
		_CLASSB_CPUPCTest
 This function uses a non-reentrant model



MODULE INFORMATION

Module		Function		Class		Link	Load	Size
shared
		_PCTestDEC1    		CODE           	15554	0000	2
		_PCTestDEC2    		CODE           	AAAA	0000	2
		_PCTrap2       		CODE           	AAA8	0000	2
		__initializatio		CODE           	0F44	0000	0
		_PCTrap1       		CODE           	15552	0000	2
		_PCTestRETURN1 		CODE           	15556	0000	2
		_PCTestRETURN2 		CODE           	AAAC	0000	2

shared estimated size: 12

main.c
		_main          		CODE           	0F18	0000	4294967274

main.c estimated size: 4294967274

CLASSB_CPUPCTest.c
		_CLASSB_PC_Func		CODE           	0F2C	0000	14
		_CLASSB_PC_Func		CODE           	0F3A	0000	10
		_CLASSB_CPUPCTe		CODE           	0F02	0000	22

CLASSB_CPUPCTest.c estimated size: 46

